Component: ARM Compiler 5.06 update 6 (build 750) Tool: armlink [4d35ed]

==============================================================================

Section Cross References

    startup_stm32l475xx.o(RESET) refers to startup_stm32l475xx.o(STACK) for __initial_sp
    startup_stm32l475xx.o(RESET) refers to startup_stm32l475xx.o(.text) for Reset_Handler
    startup_stm32l475xx.o(RESET) refers to stm32l4xx_it.o(i.NMI_Handler) for NMI_Handler
    startup_stm32l475xx.o(RESET) refers to stm32l4xx_it.o(i.HardFault_Handler) for HardFault_Handler
    startup_stm32l475xx.o(RESET) refers to stm32l4xx_it.o(i.MemManage_Handler) for MemManage_Handler
    startup_stm32l475xx.o(RESET) refers to stm32l4xx_it.o(i.BusFault_Handler) for BusFault_Handler
    startup_stm32l475xx.o(RESET) refers to stm32l4xx_it.o(i.UsageFault_Handler) for UsageFault_Handler
    startup_stm32l475xx.o(RESET) refers to stm32l4xx_it.o(i.SVC_Handler) for SVC_Handler
    startup_stm32l475xx.o(RESET) refers to stm32l4xx_it.o(i.DebugMon_Handler) for DebugMon_Handler
    startup_stm32l475xx.o(RESET) refers to stm32l4xx_it.o(i.PendSV_Handler) for PendSV_Handler
    startup_stm32l475xx.o(RESET) refers to stm32l4xx_it.o(i.SysTick_Handler) for SysTick_Handler
    startup_stm32l475xx.o(RESET) refers to stm32l4xx_it.o(i.TIM1_BRK_TIM15_IRQHandler) for TIM1_BRK_TIM15_IRQHandler
    startup_stm32l475xx.o(RESET) refers to stm32l4xx_it.o(i.USART1_IRQHandler) for USART1_IRQHandler
    startup_stm32l475xx.o(.text) refers to system_stm32l4xx.o(i.SystemInit) for SystemInit
    startup_stm32l475xx.o(.text) refers to entry.o(.ARM.Collect$$$$00000000) for __main
    main.o(i.SystemClock_Config) refers to stm32l4xx_ll_utils.o(i.LL_Init1msTick) for LL_Init1msTick
    main.o(i.SystemClock_Config) refers to stm32l4xx_ll_utils.o(i.LL_SetSystemCoreClock) for LL_SetSystemCoreClock
    main.o(i.main) refers to main.o(i.SystemClock_Config) for SystemClock_Config
    main.o(i.main) refers to gpio.o(i.MX_GPIO_Init) for MX_GPIO_Init
    main.o(i.main) refers to usart.o(i.MX_USART1_UART_Init) for MX_USART1_UART_Init
    main.o(i.main) refers to tim.o(i.MX_TIM15_Init) for MX_TIM15_Init
    main.o(i.main) refers to printfb.o(i.__0printf$bare) for __2printf
    gpio.o(i.MX_GPIO_Init) refers to gpio.o(i.LL_AHB2_GRP1_EnableClock) for LL_AHB2_GRP1_EnableClock
    tim.o(i.MX_TIM15_Init) refers to memseta.o(.text) for __aeabi_memclr4
    tim.o(i.MX_TIM15_Init) refers to stm32l4xx_ll_tim.o(i.LL_TIM_Init) for LL_TIM_Init
    usart.o(i.MX_USART1_UART_Init) refers to memseta.o(.text) for __aeabi_memclr4
    usart.o(i.MX_USART1_UART_Init) refers to stm32l4xx_ll_gpio.o(i.LL_GPIO_Init) for LL_GPIO_Init
    usart.o(i.MX_USART1_UART_Init) refers to stm32l4xx_ll_usart.o(i.LL_USART_Init) for LL_USART_Init
    stm32l4xx_ll_utils.o(i.LL_PLL_ConfigSystemClock_HSE) refers to stm32l4xx_ll_utils.o(i.UTILS_PLL_IsBusy) for UTILS_PLL_IsBusy
    stm32l4xx_ll_utils.o(i.LL_PLL_ConfigSystemClock_HSE) refers to stm32l4xx_ll_utils.o(i.UTILS_GetPLLOutputFrequency) for UTILS_GetPLLOutputFrequency
    stm32l4xx_ll_utils.o(i.LL_PLL_ConfigSystemClock_HSE) refers to stm32l4xx_ll_utils.o(i.LL_RCC_PLL_ConfigDomain_SYS) for LL_RCC_PLL_ConfigDomain_SYS
    stm32l4xx_ll_utils.o(i.LL_PLL_ConfigSystemClock_HSE) refers to stm32l4xx_ll_utils.o(i.UTILS_EnablePLLAndSwitchSystem) for UTILS_EnablePLLAndSwitchSystem
    stm32l4xx_ll_utils.o(i.LL_PLL_ConfigSystemClock_HSI) refers to stm32l4xx_ll_utils.o(i.UTILS_PLL_IsBusy) for UTILS_PLL_IsBusy
    stm32l4xx_ll_utils.o(i.LL_PLL_ConfigSystemClock_HSI) refers to stm32l4xx_ll_utils.o(i.UTILS_GetPLLOutputFrequency) for UTILS_GetPLLOutputFrequency
    stm32l4xx_ll_utils.o(i.LL_PLL_ConfigSystemClock_HSI) refers to stm32l4xx_ll_utils.o(i.LL_RCC_PLL_ConfigDomain_SYS) for LL_RCC_PLL_ConfigDomain_SYS
    stm32l4xx_ll_utils.o(i.LL_PLL_ConfigSystemClock_HSI) refers to stm32l4xx_ll_utils.o(i.UTILS_EnablePLLAndSwitchSystem) for UTILS_EnablePLLAndSwitchSystem
    stm32l4xx_ll_utils.o(i.LL_PLL_ConfigSystemClock_MSI) refers to stm32l4xx_ll_utils.o(i.UTILS_PLL_IsBusy) for UTILS_PLL_IsBusy
    stm32l4xx_ll_utils.o(i.LL_PLL_ConfigSystemClock_MSI) refers to stm32l4xx_ll_utils.o(i.UTILS_GetPLLOutputFrequency) for UTILS_GetPLLOutputFrequency
    stm32l4xx_ll_utils.o(i.LL_PLL_ConfigSystemClock_MSI) refers to stm32l4xx_ll_utils.o(i.LL_RCC_PLL_ConfigDomain_SYS) for LL_RCC_PLL_ConfigDomain_SYS
    stm32l4xx_ll_utils.o(i.LL_PLL_ConfigSystemClock_MSI) refers to stm32l4xx_ll_utils.o(i.UTILS_EnablePLLAndSwitchSystem) for UTILS_EnablePLLAndSwitchSystem
    stm32l4xx_ll_utils.o(i.LL_PLL_ConfigSystemClock_MSI) refers to system_stm32l4xx.o(.constdata) for MSIRangeTable
    stm32l4xx_ll_utils.o(i.LL_SetSystemCoreClock) refers to system_stm32l4xx.o(.data) for SystemCoreClock
    stm32l4xx_ll_utils.o(i.UTILS_EnablePLLAndSwitchSystem) refers to stm32l4xx_ll_utils.o(i.LL_SetFlashLatency) for LL_SetFlashLatency
    stm32l4xx_ll_utils.o(i.UTILS_EnablePLLAndSwitchSystem) refers to system_stm32l4xx.o(.constdata) for AHBPrescTable
    stm32l4xx_ll_utils.o(i.UTILS_EnablePLLAndSwitchSystem) refers to system_stm32l4xx.o(.data) for SystemCoreClock
    stm32l4xx_ll_gpio.o(i.LL_GPIO_DeInit) refers to stm32l4xx_ll_gpio.o(i.LL_AHB2_GRP1_ForceReset) for LL_AHB2_GRP1_ForceReset
    stm32l4xx_ll_gpio.o(i.LL_GPIO_DeInit) refers to stm32l4xx_ll_gpio.o(i.LL_AHB2_GRP1_ReleaseReset) for LL_AHB2_GRP1_ReleaseReset
    stm32l4xx_ll_tim.o(i.LL_TIM_DeInit) refers to stm32l4xx_ll_tim.o(i.LL_APB1_GRP1_ForceReset) for LL_APB1_GRP1_ForceReset
    stm32l4xx_ll_tim.o(i.LL_TIM_DeInit) refers to stm32l4xx_ll_tim.o(i.LL_APB1_GRP1_ReleaseReset) for LL_APB1_GRP1_ReleaseReset
    stm32l4xx_ll_tim.o(i.LL_TIM_DeInit) refers to stm32l4xx_ll_tim.o(i.LL_APB2_GRP1_ForceReset) for LL_APB2_GRP1_ForceReset
    stm32l4xx_ll_tim.o(i.LL_TIM_DeInit) refers to stm32l4xx_ll_tim.o(i.LL_APB2_GRP1_ReleaseReset) for LL_APB2_GRP1_ReleaseReset
    stm32l4xx_ll_tim.o(i.LL_TIM_OC_Init) refers to stm32l4xx_ll_tim.o(i.OC1Config) for OC1Config
    stm32l4xx_ll_tim.o(i.LL_TIM_OC_Init) refers to stm32l4xx_ll_tim.o(i.OC2Config) for OC2Config
    stm32l4xx_ll_tim.o(i.LL_TIM_OC_Init) refers to stm32l4xx_ll_tim.o(i.OC3Config) for OC3Config
    stm32l4xx_ll_dma.o(i.LL_DMA_DeInit) refers to stm32l4xx_ll_dma.o(i.LL_DMA_SetPeriphRequest) for LL_DMA_SetPeriphRequest
    stm32l4xx_ll_dma.o(i.LL_DMA_Init) refers to stm32l4xx_ll_dma.o(i.LL_DMA_SetPeriphRequest) for LL_DMA_SetPeriphRequest
    stm32l4xx_ll_dma.o(i.LL_DMA_Init) refers to stm32l4xx_ll_dma.o(.constdata) for .constdata
    stm32l4xx_ll_usart.o(i.LL_USART_DeInit) refers to stm32l4xx_ll_usart.o(i.LL_APB1_GRP1_ForceReset) for LL_APB1_GRP1_ForceReset
    stm32l4xx_ll_usart.o(i.LL_USART_DeInit) refers to stm32l4xx_ll_usart.o(i.LL_APB1_GRP1_ReleaseReset) for LL_APB1_GRP1_ReleaseReset
    stm32l4xx_ll_usart.o(i.LL_USART_Init) refers to stm32l4xx_ll_rcc.o(i.LL_RCC_GetUSARTClockFreq) for LL_RCC_GetUSARTClockFreq
    stm32l4xx_ll_usart.o(i.LL_USART_Init) refers to stm32l4xx_ll_rcc.o(i.LL_RCC_GetUARTClockFreq) for LL_RCC_GetUARTClockFreq
    stm32l4xx_ll_rcc.o(i.LL_RCC_DeInit) refers to stm32l4xx_ll_rcc.o(i.LL_RCC_MSI_IsReady) for LL_RCC_MSI_IsReady
    stm32l4xx_ll_rcc.o(i.LL_RCC_GetADCClockFreq) refers to stm32l4xx_ll_rcc.o(i.LL_RCC_PLLSAI1_IsReady) for LL_RCC_PLLSAI1_IsReady
    stm32l4xx_ll_rcc.o(i.LL_RCC_GetADCClockFreq) refers to stm32l4xx_ll_rcc.o(i.RCC_PLLSAI1_GetFreqDomain_ADC) for RCC_PLLSAI1_GetFreqDomain_ADC
    stm32l4xx_ll_rcc.o(i.LL_RCC_GetADCClockFreq) refers to stm32l4xx_ll_rcc.o(i.RCC_PLLSAI2_GetFreqDomain_ADC) for RCC_PLLSAI2_GetFreqDomain_ADC
    stm32l4xx_ll_rcc.o(i.LL_RCC_GetADCClockFreq) refers to stm32l4xx_ll_rcc.o(i.RCC_GetSystemClockFreq) for RCC_GetSystemClockFreq
    stm32l4xx_ll_rcc.o(i.LL_RCC_GetDFSDMClockFreq) refers to stm32l4xx_ll_rcc.o(i.RCC_GetSystemClockFreq) for RCC_GetSystemClockFreq
    stm32l4xx_ll_rcc.o(i.LL_RCC_GetDFSDMClockFreq) refers to stm32l4xx_ll_rcc.o(i.RCC_GetHCLKClockFreq) for RCC_GetHCLKClockFreq
    stm32l4xx_ll_rcc.o(i.LL_RCC_GetDFSDMClockFreq) refers to stm32l4xx_ll_rcc.o(i.RCC_GetPCLK2ClockFreq) for RCC_GetPCLK2ClockFreq
    stm32l4xx_ll_rcc.o(i.LL_RCC_GetI2CClockFreq) refers to stm32l4xx_ll_rcc.o(i.LL_RCC_GetI2CClockSource) for LL_RCC_GetI2CClockSource
    stm32l4xx_ll_rcc.o(i.LL_RCC_GetI2CClockFreq) refers to stm32l4xx_ll_rcc.o(i.RCC_GetSystemClockFreq) for RCC_GetSystemClockFreq
    stm32l4xx_ll_rcc.o(i.LL_RCC_GetI2CClockFreq) refers to stm32l4xx_ll_rcc.o(i.RCC_GetHCLKClockFreq) for RCC_GetHCLKClockFreq
    stm32l4xx_ll_rcc.o(i.LL_RCC_GetI2CClockFreq) refers to stm32l4xx_ll_rcc.o(i.RCC_GetPCLK1ClockFreq) for RCC_GetPCLK1ClockFreq
    stm32l4xx_ll_rcc.o(i.LL_RCC_GetI2CClockFreq) refers to stm32l4xx_ll_rcc.o(i.LL_RCC_HSI_IsReady) for LL_RCC_HSI_IsReady
    stm32l4xx_ll_rcc.o(i.LL_RCC_GetLPTIMClockFreq) refers to stm32l4xx_ll_rcc.o(i.LL_RCC_HSI_IsReady) for LL_RCC_HSI_IsReady
    stm32l4xx_ll_rcc.o(i.LL_RCC_GetLPTIMClockFreq) refers to stm32l4xx_ll_rcc.o(i.LL_RCC_LSE_IsReady) for LL_RCC_LSE_IsReady
    stm32l4xx_ll_rcc.o(i.LL_RCC_GetLPTIMClockFreq) refers to stm32l4xx_ll_rcc.o(i.RCC_GetSystemClockFreq) for RCC_GetSystemClockFreq
    stm32l4xx_ll_rcc.o(i.LL_RCC_GetLPTIMClockFreq) refers to stm32l4xx_ll_rcc.o(i.RCC_GetHCLKClockFreq) for RCC_GetHCLKClockFreq
    stm32l4xx_ll_rcc.o(i.LL_RCC_GetLPTIMClockFreq) refers to stm32l4xx_ll_rcc.o(i.RCC_GetPCLK1ClockFreq) for RCC_GetPCLK1ClockFreq
    stm32l4xx_ll_rcc.o(i.LL_RCC_GetLPUARTClockFreq) refers to stm32l4xx_ll_rcc.o(i.RCC_GetSystemClockFreq) for RCC_GetSystemClockFreq
    stm32l4xx_ll_rcc.o(i.LL_RCC_GetLPUARTClockFreq) refers to stm32l4xx_ll_rcc.o(i.LL_RCC_HSI_IsReady) for LL_RCC_HSI_IsReady
    stm32l4xx_ll_rcc.o(i.LL_RCC_GetLPUARTClockFreq) refers to stm32l4xx_ll_rcc.o(i.LL_RCC_LSE_IsReady) for LL_RCC_LSE_IsReady
    stm32l4xx_ll_rcc.o(i.LL_RCC_GetLPUARTClockFreq) refers to stm32l4xx_ll_rcc.o(i.RCC_GetHCLKClockFreq) for RCC_GetHCLKClockFreq
    stm32l4xx_ll_rcc.o(i.LL_RCC_GetLPUARTClockFreq) refers to stm32l4xx_ll_rcc.o(i.RCC_GetPCLK1ClockFreq) for RCC_GetPCLK1ClockFreq
    stm32l4xx_ll_rcc.o(i.LL_RCC_GetRNGClockFreq) refers to stm32l4xx_ll_rcc.o(i.LL_RCC_PLLSAI1_IsReady) for LL_RCC_PLLSAI1_IsReady
    stm32l4xx_ll_rcc.o(i.LL_RCC_GetRNGClockFreq) refers to stm32l4xx_ll_rcc.o(i.RCC_PLLSAI1_GetFreqDomain_48M) for RCC_PLLSAI1_GetFreqDomain_48M
    stm32l4xx_ll_rcc.o(i.LL_RCC_GetRNGClockFreq) refers to stm32l4xx_ll_rcc.o(i.LL_RCC_PLL_IsReady) for LL_RCC_PLL_IsReady
    stm32l4xx_ll_rcc.o(i.LL_RCC_GetRNGClockFreq) refers to stm32l4xx_ll_rcc.o(i.RCC_PLL_GetFreqDomain_48M) for RCC_PLL_GetFreqDomain_48M
    stm32l4xx_ll_rcc.o(i.LL_RCC_GetRNGClockFreq) refers to stm32l4xx_ll_rcc.o(i.LL_RCC_MSI_IsReady) for LL_RCC_MSI_IsReady
    stm32l4xx_ll_rcc.o(i.LL_RCC_GetRNGClockFreq) refers to stm32l4xx_ll_rcc.o(i.LL_RCC_MSI_IsEnabledRangeSelect) for LL_RCC_MSI_IsEnabledRangeSelect
    stm32l4xx_ll_rcc.o(i.LL_RCC_GetRNGClockFreq) refers to stm32l4xx_ll_rcc.o(i.LL_RCC_MSI_GetRange) for LL_RCC_MSI_GetRange
    stm32l4xx_ll_rcc.o(i.LL_RCC_GetRNGClockFreq) refers to stm32l4xx_ll_rcc.o(i.LL_RCC_MSI_GetRangeAfterStandby) for LL_RCC_MSI_GetRangeAfterStandby
    stm32l4xx_ll_rcc.o(i.LL_RCC_GetRNGClockFreq) refers to system_stm32l4xx.o(.constdata) for MSIRangeTable
    stm32l4xx_ll_rcc.o(i.LL_RCC_GetSAIClockFreq) refers to stm32l4xx_ll_rcc.o(i.RCC_PLLSAI1_GetFreqDomain_SAI) for RCC_PLLSAI1_GetFreqDomain_SAI
    stm32l4xx_ll_rcc.o(i.LL_RCC_GetSAIClockFreq) refers to stm32l4xx_ll_rcc.o(i.RCC_PLLSAI2_GetFreqDomain_SAI) for RCC_PLLSAI2_GetFreqDomain_SAI
    stm32l4xx_ll_rcc.o(i.LL_RCC_GetSAIClockFreq) refers to stm32l4xx_ll_rcc.o(i.RCC_PLL_GetFreqDomain_SAI) for RCC_PLL_GetFreqDomain_SAI
    stm32l4xx_ll_rcc.o(i.LL_RCC_GetSAIClockFreq) refers to stm32l4xx_ll_rcc.o(i.LL_RCC_PLLSAI1_IsReady) for LL_RCC_PLLSAI1_IsReady
    stm32l4xx_ll_rcc.o(i.LL_RCC_GetSAIClockFreq) refers to stm32l4xx_ll_rcc.o(i.LL_RCC_PLL_IsReady) for LL_RCC_PLL_IsReady
    stm32l4xx_ll_rcc.o(i.LL_RCC_GetSDMMCClockFreq) refers to stm32l4xx_ll_rcc.o(i.LL_RCC_PLLSAI1_IsReady) for LL_RCC_PLLSAI1_IsReady
    stm32l4xx_ll_rcc.o(i.LL_RCC_GetSDMMCClockFreq) refers to stm32l4xx_ll_rcc.o(i.RCC_PLLSAI1_GetFreqDomain_48M) for RCC_PLLSAI1_GetFreqDomain_48M
    stm32l4xx_ll_rcc.o(i.LL_RCC_GetSDMMCClockFreq) refers to stm32l4xx_ll_rcc.o(i.LL_RCC_PLL_IsReady) for LL_RCC_PLL_IsReady
    stm32l4xx_ll_rcc.o(i.LL_RCC_GetSDMMCClockFreq) refers to stm32l4xx_ll_rcc.o(i.RCC_PLL_GetFreqDomain_48M) for RCC_PLL_GetFreqDomain_48M
    stm32l4xx_ll_rcc.o(i.LL_RCC_GetSDMMCClockFreq) refers to stm32l4xx_ll_rcc.o(i.LL_RCC_MSI_IsReady) for LL_RCC_MSI_IsReady
    stm32l4xx_ll_rcc.o(i.LL_RCC_GetSDMMCClockFreq) refers to stm32l4xx_ll_rcc.o(i.LL_RCC_MSI_IsEnabledRangeSelect) for LL_RCC_MSI_IsEnabledRangeSelect
    stm32l4xx_ll_rcc.o(i.LL_RCC_GetSDMMCClockFreq) refers to stm32l4xx_ll_rcc.o(i.LL_RCC_MSI_GetRange) for LL_RCC_MSI_GetRange
    stm32l4xx_ll_rcc.o(i.LL_RCC_GetSDMMCClockFreq) refers to stm32l4xx_ll_rcc.o(i.LL_RCC_MSI_GetRangeAfterStandby) for LL_RCC_MSI_GetRangeAfterStandby
    stm32l4xx_ll_rcc.o(i.LL_RCC_GetSDMMCClockFreq) refers to system_stm32l4xx.o(.constdata) for MSIRangeTable
    stm32l4xx_ll_rcc.o(i.LL_RCC_GetSWPMIClockFreq) refers to stm32l4xx_ll_rcc.o(i.LL_RCC_HSI_IsReady) for LL_RCC_HSI_IsReady
    stm32l4xx_ll_rcc.o(i.LL_RCC_GetSWPMIClockFreq) refers to stm32l4xx_ll_rcc.o(i.RCC_GetSystemClockFreq) for RCC_GetSystemClockFreq
    stm32l4xx_ll_rcc.o(i.LL_RCC_GetSWPMIClockFreq) refers to stm32l4xx_ll_rcc.o(i.RCC_GetHCLKClockFreq) for RCC_GetHCLKClockFreq
    stm32l4xx_ll_rcc.o(i.LL_RCC_GetSWPMIClockFreq) refers to stm32l4xx_ll_rcc.o(i.RCC_GetPCLK1ClockFreq) for RCC_GetPCLK1ClockFreq
    stm32l4xx_ll_rcc.o(i.LL_RCC_GetSystemClocksFreq) refers to stm32l4xx_ll_rcc.o(i.RCC_GetSystemClockFreq) for RCC_GetSystemClockFreq
    stm32l4xx_ll_rcc.o(i.LL_RCC_GetSystemClocksFreq) refers to stm32l4xx_ll_rcc.o(i.RCC_GetHCLKClockFreq) for RCC_GetHCLKClockFreq
    stm32l4xx_ll_rcc.o(i.LL_RCC_GetSystemClocksFreq) refers to stm32l4xx_ll_rcc.o(i.RCC_GetPCLK1ClockFreq) for RCC_GetPCLK1ClockFreq
    stm32l4xx_ll_rcc.o(i.LL_RCC_GetSystemClocksFreq) refers to stm32l4xx_ll_rcc.o(i.RCC_GetPCLK2ClockFreq) for RCC_GetPCLK2ClockFreq
    stm32l4xx_ll_rcc.o(i.LL_RCC_GetUARTClockFreq) refers to stm32l4xx_ll_rcc.o(i.LL_RCC_HSI_IsReady) for LL_RCC_HSI_IsReady
    stm32l4xx_ll_rcc.o(i.LL_RCC_GetUARTClockFreq) refers to stm32l4xx_ll_rcc.o(i.LL_RCC_LSE_IsReady) for LL_RCC_LSE_IsReady
    stm32l4xx_ll_rcc.o(i.LL_RCC_GetUARTClockFreq) refers to stm32l4xx_ll_rcc.o(i.RCC_GetSystemClockFreq) for RCC_GetSystemClockFreq
    stm32l4xx_ll_rcc.o(i.LL_RCC_GetUARTClockFreq) refers to stm32l4xx_ll_rcc.o(i.RCC_GetHCLKClockFreq) for RCC_GetHCLKClockFreq
    stm32l4xx_ll_rcc.o(i.LL_RCC_GetUARTClockFreq) refers to stm32l4xx_ll_rcc.o(i.RCC_GetPCLK1ClockFreq) for RCC_GetPCLK1ClockFreq
    stm32l4xx_ll_rcc.o(i.LL_RCC_GetUSARTClockFreq) refers to stm32l4xx_ll_rcc.o(i.RCC_GetSystemClockFreq) for RCC_GetSystemClockFreq
    stm32l4xx_ll_rcc.o(i.LL_RCC_GetUSARTClockFreq) refers to stm32l4xx_ll_rcc.o(i.RCC_GetHCLKClockFreq) for RCC_GetHCLKClockFreq
    stm32l4xx_ll_rcc.o(i.LL_RCC_GetUSARTClockFreq) refers to stm32l4xx_ll_rcc.o(i.RCC_GetPCLK2ClockFreq) for RCC_GetPCLK2ClockFreq
    stm32l4xx_ll_rcc.o(i.LL_RCC_GetUSARTClockFreq) refers to stm32l4xx_ll_rcc.o(i.RCC_GetPCLK1ClockFreq) for RCC_GetPCLK1ClockFreq
    stm32l4xx_ll_rcc.o(i.LL_RCC_GetUSARTClockFreq) refers to stm32l4xx_ll_rcc.o(i.LL_RCC_LSE_IsReady) for LL_RCC_LSE_IsReady
    stm32l4xx_ll_rcc.o(i.LL_RCC_GetUSARTClockFreq) refers to stm32l4xx_ll_rcc.o(i.LL_RCC_HSI_IsReady) for LL_RCC_HSI_IsReady
    stm32l4xx_ll_rcc.o(i.LL_RCC_GetUSBClockFreq) refers to stm32l4xx_ll_rcc.o(i.LL_RCC_PLLSAI1_IsReady) for LL_RCC_PLLSAI1_IsReady
    stm32l4xx_ll_rcc.o(i.LL_RCC_GetUSBClockFreq) refers to stm32l4xx_ll_rcc.o(i.RCC_PLLSAI1_GetFreqDomain_48M) for RCC_PLLSAI1_GetFreqDomain_48M
    stm32l4xx_ll_rcc.o(i.LL_RCC_GetUSBClockFreq) refers to stm32l4xx_ll_rcc.o(i.LL_RCC_PLL_IsReady) for LL_RCC_PLL_IsReady
    stm32l4xx_ll_rcc.o(i.LL_RCC_GetUSBClockFreq) refers to stm32l4xx_ll_rcc.o(i.RCC_PLL_GetFreqDomain_48M) for RCC_PLL_GetFreqDomain_48M
    stm32l4xx_ll_rcc.o(i.LL_RCC_GetUSBClockFreq) refers to stm32l4xx_ll_rcc.o(i.LL_RCC_MSI_IsReady) for LL_RCC_MSI_IsReady
    stm32l4xx_ll_rcc.o(i.LL_RCC_GetUSBClockFreq) refers to stm32l4xx_ll_rcc.o(i.LL_RCC_MSI_IsEnabledRangeSelect) for LL_RCC_MSI_IsEnabledRangeSelect
    stm32l4xx_ll_rcc.o(i.LL_RCC_GetUSBClockFreq) refers to stm32l4xx_ll_rcc.o(i.LL_RCC_MSI_GetRange) for LL_RCC_MSI_GetRange
    stm32l4xx_ll_rcc.o(i.LL_RCC_GetUSBClockFreq) refers to stm32l4xx_ll_rcc.o(i.LL_RCC_MSI_GetRangeAfterStandby) for LL_RCC_MSI_GetRangeAfterStandby
    stm32l4xx_ll_rcc.o(i.LL_RCC_GetUSBClockFreq) refers to system_stm32l4xx.o(.constdata) for MSIRangeTable
    stm32l4xx_ll_rcc.o(i.RCC_GetHCLKClockFreq) refers to system_stm32l4xx.o(.constdata) for AHBPrescTable
    stm32l4xx_ll_rcc.o(i.RCC_GetPCLK1ClockFreq) refers to system_stm32l4xx.o(.constdata) for APBPrescTable
    stm32l4xx_ll_rcc.o(i.RCC_GetPCLK2ClockFreq) refers to system_stm32l4xx.o(.constdata) for APBPrescTable
    stm32l4xx_ll_rcc.o(i.RCC_GetSystemClockFreq) refers to stm32l4xx_ll_rcc.o(i.LL_RCC_MSI_IsEnabledRangeSelect) for LL_RCC_MSI_IsEnabledRangeSelect
    stm32l4xx_ll_rcc.o(i.RCC_GetSystemClockFreq) refers to stm32l4xx_ll_rcc.o(i.LL_RCC_MSI_GetRange) for LL_RCC_MSI_GetRange
    stm32l4xx_ll_rcc.o(i.RCC_GetSystemClockFreq) refers to stm32l4xx_ll_rcc.o(i.LL_RCC_MSI_GetRangeAfterStandby) for LL_RCC_MSI_GetRangeAfterStandby
    stm32l4xx_ll_rcc.o(i.RCC_GetSystemClockFreq) refers to stm32l4xx_ll_rcc.o(i.RCC_PLL_GetFreqDomain_SYS) for RCC_PLL_GetFreqDomain_SYS
    stm32l4xx_ll_rcc.o(i.RCC_GetSystemClockFreq) refers to system_stm32l4xx.o(.constdata) for MSIRangeTable
    stm32l4xx_ll_rcc.o(i.RCC_PLLSAI1_GetFreqDomain_48M) refers to stm32l4xx_ll_rcc.o(i.LL_RCC_PLL_GetMainSource) for LL_RCC_PLL_GetMainSource
    stm32l4xx_ll_rcc.o(i.RCC_PLLSAI1_GetFreqDomain_48M) refers to stm32l4xx_ll_rcc.o(i.LL_RCC_MSI_IsEnabledRangeSelect) for LL_RCC_MSI_IsEnabledRangeSelect
    stm32l4xx_ll_rcc.o(i.RCC_PLLSAI1_GetFreqDomain_48M) refers to stm32l4xx_ll_rcc.o(i.LL_RCC_MSI_GetRange) for LL_RCC_MSI_GetRange
    stm32l4xx_ll_rcc.o(i.RCC_PLLSAI1_GetFreqDomain_48M) refers to stm32l4xx_ll_rcc.o(i.LL_RCC_PLL_GetDivider) for LL_RCC_PLL_GetDivider
    stm32l4xx_ll_rcc.o(i.RCC_PLLSAI1_GetFreqDomain_48M) refers to stm32l4xx_ll_rcc.o(i.LL_RCC_MSI_GetRangeAfterStandby) for LL_RCC_MSI_GetRangeAfterStandby
    stm32l4xx_ll_rcc.o(i.RCC_PLLSAI1_GetFreqDomain_48M) refers to system_stm32l4xx.o(.constdata) for MSIRangeTable
    stm32l4xx_ll_rcc.o(i.RCC_PLLSAI1_GetFreqDomain_ADC) refers to stm32l4xx_ll_rcc.o(i.LL_RCC_PLL_GetMainSource) for LL_RCC_PLL_GetMainSource
    stm32l4xx_ll_rcc.o(i.RCC_PLLSAI1_GetFreqDomain_ADC) refers to stm32l4xx_ll_rcc.o(i.LL_RCC_MSI_IsEnabledRangeSelect) for LL_RCC_MSI_IsEnabledRangeSelect
    stm32l4xx_ll_rcc.o(i.RCC_PLLSAI1_GetFreqDomain_ADC) refers to stm32l4xx_ll_rcc.o(i.LL_RCC_MSI_GetRange) for LL_RCC_MSI_GetRange
    stm32l4xx_ll_rcc.o(i.RCC_PLLSAI1_GetFreqDomain_ADC) refers to stm32l4xx_ll_rcc.o(i.LL_RCC_PLL_GetDivider) for LL_RCC_PLL_GetDivider
    stm32l4xx_ll_rcc.o(i.RCC_PLLSAI1_GetFreqDomain_ADC) refers to stm32l4xx_ll_rcc.o(i.LL_RCC_MSI_GetRangeAfterStandby) for LL_RCC_MSI_GetRangeAfterStandby
    stm32l4xx_ll_rcc.o(i.RCC_PLLSAI1_GetFreqDomain_ADC) refers to system_stm32l4xx.o(.constdata) for MSIRangeTable
    stm32l4xx_ll_rcc.o(i.RCC_PLLSAI1_GetFreqDomain_SAI) refers to stm32l4xx_ll_rcc.o(i.LL_RCC_PLL_GetMainSource) for LL_RCC_PLL_GetMainSource
    stm32l4xx_ll_rcc.o(i.RCC_PLLSAI1_GetFreqDomain_SAI) refers to stm32l4xx_ll_rcc.o(i.LL_RCC_MSI_IsEnabledRangeSelect) for LL_RCC_MSI_IsEnabledRangeSelect
    stm32l4xx_ll_rcc.o(i.RCC_PLLSAI1_GetFreqDomain_SAI) refers to stm32l4xx_ll_rcc.o(i.LL_RCC_MSI_GetRange) for LL_RCC_MSI_GetRange
    stm32l4xx_ll_rcc.o(i.RCC_PLLSAI1_GetFreqDomain_SAI) refers to stm32l4xx_ll_rcc.o(i.LL_RCC_PLL_GetDivider) for LL_RCC_PLL_GetDivider
    stm32l4xx_ll_rcc.o(i.RCC_PLLSAI1_GetFreqDomain_SAI) refers to stm32l4xx_ll_rcc.o(i.LL_RCC_MSI_GetRangeAfterStandby) for LL_RCC_MSI_GetRangeAfterStandby
    stm32l4xx_ll_rcc.o(i.RCC_PLLSAI1_GetFreqDomain_SAI) refers to system_stm32l4xx.o(.constdata) for MSIRangeTable
    stm32l4xx_ll_rcc.o(i.RCC_PLLSAI2_GetFreqDomain_ADC) refers to stm32l4xx_ll_rcc.o(i.LL_RCC_PLL_GetMainSource) for LL_RCC_PLL_GetMainSource
    stm32l4xx_ll_rcc.o(i.RCC_PLLSAI2_GetFreqDomain_ADC) refers to stm32l4xx_ll_rcc.o(i.LL_RCC_MSI_IsEnabledRangeSelect) for LL_RCC_MSI_IsEnabledRangeSelect
    stm32l4xx_ll_rcc.o(i.RCC_PLLSAI2_GetFreqDomain_ADC) refers to stm32l4xx_ll_rcc.o(i.LL_RCC_MSI_GetRange) for LL_RCC_MSI_GetRange
    stm32l4xx_ll_rcc.o(i.RCC_PLLSAI2_GetFreqDomain_ADC) refers to stm32l4xx_ll_rcc.o(i.LL_RCC_PLL_GetDivider) for LL_RCC_PLL_GetDivider
    stm32l4xx_ll_rcc.o(i.RCC_PLLSAI2_GetFreqDomain_ADC) refers to stm32l4xx_ll_rcc.o(i.LL_RCC_MSI_GetRangeAfterStandby) for LL_RCC_MSI_GetRangeAfterStandby
    stm32l4xx_ll_rcc.o(i.RCC_PLLSAI2_GetFreqDomain_ADC) refers to system_stm32l4xx.o(.constdata) for MSIRangeTable
    stm32l4xx_ll_rcc.o(i.RCC_PLLSAI2_GetFreqDomain_SAI) refers to stm32l4xx_ll_rcc.o(i.LL_RCC_PLL_GetMainSource) for LL_RCC_PLL_GetMainSource
    stm32l4xx_ll_rcc.o(i.RCC_PLLSAI2_GetFreqDomain_SAI) refers to stm32l4xx_ll_rcc.o(i.LL_RCC_MSI_IsEnabledRangeSelect) for LL_RCC_MSI_IsEnabledRangeSelect
    stm32l4xx_ll_rcc.o(i.RCC_PLLSAI2_GetFreqDomain_SAI) refers to stm32l4xx_ll_rcc.o(i.LL_RCC_MSI_GetRange) for LL_RCC_MSI_GetRange
    stm32l4xx_ll_rcc.o(i.RCC_PLLSAI2_GetFreqDomain_SAI) refers to stm32l4xx_ll_rcc.o(i.LL_RCC_PLL_GetDivider) for LL_RCC_PLL_GetDivider
    stm32l4xx_ll_rcc.o(i.RCC_PLLSAI2_GetFreqDomain_SAI) refers to stm32l4xx_ll_rcc.o(i.LL_RCC_MSI_GetRangeAfterStandby) for LL_RCC_MSI_GetRangeAfterStandby
    stm32l4xx_ll_rcc.o(i.RCC_PLLSAI2_GetFreqDomain_SAI) refers to system_stm32l4xx.o(.constdata) for MSIRangeTable
    stm32l4xx_ll_rcc.o(i.RCC_PLL_GetFreqDomain_48M) refers to stm32l4xx_ll_rcc.o(i.LL_RCC_PLL_GetMainSource) for LL_RCC_PLL_GetMainSource
    stm32l4xx_ll_rcc.o(i.RCC_PLL_GetFreqDomain_48M) refers to stm32l4xx_ll_rcc.o(i.LL_RCC_MSI_IsEnabledRangeSelect) for LL_RCC_MSI_IsEnabledRangeSelect
    stm32l4xx_ll_rcc.o(i.RCC_PLL_GetFreqDomain_48M) refers to stm32l4xx_ll_rcc.o(i.LL_RCC_MSI_GetRange) for LL_RCC_MSI_GetRange
    stm32l4xx_ll_rcc.o(i.RCC_PLL_GetFreqDomain_48M) refers to stm32l4xx_ll_rcc.o(i.LL_RCC_PLL_GetDivider) for LL_RCC_PLL_GetDivider
    stm32l4xx_ll_rcc.o(i.RCC_PLL_GetFreqDomain_48M) refers to stm32l4xx_ll_rcc.o(i.LL_RCC_MSI_GetRangeAfterStandby) for LL_RCC_MSI_GetRangeAfterStandby
    stm32l4xx_ll_rcc.o(i.RCC_PLL_GetFreqDomain_48M) refers to system_stm32l4xx.o(.constdata) for MSIRangeTable
    stm32l4xx_ll_rcc.o(i.RCC_PLL_GetFreqDomain_SAI) refers to stm32l4xx_ll_rcc.o(i.LL_RCC_PLL_GetMainSource) for LL_RCC_PLL_GetMainSource
    stm32l4xx_ll_rcc.o(i.RCC_PLL_GetFreqDomain_SAI) refers to stm32l4xx_ll_rcc.o(i.LL_RCC_MSI_IsEnabledRangeSelect) for LL_RCC_MSI_IsEnabledRangeSelect
    stm32l4xx_ll_rcc.o(i.RCC_PLL_GetFreqDomain_SAI) refers to stm32l4xx_ll_rcc.o(i.LL_RCC_MSI_GetRange) for LL_RCC_MSI_GetRange
    stm32l4xx_ll_rcc.o(i.RCC_PLL_GetFreqDomain_SAI) refers to stm32l4xx_ll_rcc.o(i.LL_RCC_PLL_GetDivider) for LL_RCC_PLL_GetDivider
    stm32l4xx_ll_rcc.o(i.RCC_PLL_GetFreqDomain_SAI) refers to stm32l4xx_ll_rcc.o(i.LL_RCC_MSI_GetRangeAfterStandby) for LL_RCC_MSI_GetRangeAfterStandby
    stm32l4xx_ll_rcc.o(i.RCC_PLL_GetFreqDomain_SAI) refers to system_stm32l4xx.o(.constdata) for MSIRangeTable
    stm32l4xx_ll_rcc.o(i.RCC_PLL_GetFreqDomain_SYS) refers to stm32l4xx_ll_rcc.o(i.LL_RCC_PLL_GetMainSource) for LL_RCC_PLL_GetMainSource
    stm32l4xx_ll_rcc.o(i.RCC_PLL_GetFreqDomain_SYS) refers to stm32l4xx_ll_rcc.o(i.LL_RCC_MSI_IsEnabledRangeSelect) for LL_RCC_MSI_IsEnabledRangeSelect
    stm32l4xx_ll_rcc.o(i.RCC_PLL_GetFreqDomain_SYS) refers to stm32l4xx_ll_rcc.o(i.LL_RCC_MSI_GetRange) for LL_RCC_MSI_GetRange
    stm32l4xx_ll_rcc.o(i.RCC_PLL_GetFreqDomain_SYS) refers to stm32l4xx_ll_rcc.o(i.LL_RCC_PLL_GetDivider) for LL_RCC_PLL_GetDivider
    stm32l4xx_ll_rcc.o(i.RCC_PLL_GetFreqDomain_SYS) refers to stm32l4xx_ll_rcc.o(i.LL_RCC_MSI_GetRangeAfterStandby) for LL_RCC_MSI_GetRangeAfterStandby
    stm32l4xx_ll_rcc.o(i.RCC_PLL_GetFreqDomain_SYS) refers to system_stm32l4xx.o(.constdata) for MSIRangeTable
    system_stm32l4xx.o(i.SystemCoreClockUpdate) refers to system_stm32l4xx.o(.constdata) for .constdata
    system_stm32l4xx.o(i.SystemCoreClockUpdate) refers to system_stm32l4xx.o(.data) for .data
    entry.o(.ARM.Collect$$$$00000000) refers (Special) to entry10a.o(.ARM.Collect$$$$0000000D) for __rt_final_cpp
    entry.o(.ARM.Collect$$$$00000000) refers (Special) to entry11a.o(.ARM.Collect$$$$0000000F) for __rt_final_exit
    entry.o(.ARM.Collect$$$$00000000) refers (Special) to entry7b.o(.ARM.Collect$$$$00000008) for _main_clock
    entry.o(.ARM.Collect$$$$00000000) refers (Special) to entry8b.o(.ARM.Collect$$$$0000000A) for _main_cpp_init
    entry.o(.ARM.Collect$$$$00000000) refers (Special) to entry9a.o(.ARM.Collect$$$$0000000B) for _main_init
    entry.o(.ARM.Collect$$$$00000000) refers (Special) to entry5.o(.ARM.Collect$$$$00000004) for _main_scatterload
    entry.o(.ARM.Collect$$$$00000000) refers (Special) to entry2.o(.ARM.Collect$$$$00000001) for _main_stk
    printfb.o(i.__0fprintf$bare) refers to printfb.o(i._printf_core) for _printf_core
    printfb.o(i.__0fprintf$bare) refers to usart.o(i.fputc) for fputc
    printfb.o(i.__0printf$bare) refers to printfb.o(i._printf_core) for _printf_core
    printfb.o(i.__0printf$bare) refers to usart.o(i.fputc) for fputc
    printfb.o(i.__0printf$bare) refers to stdout.o(.data) for __stdout
    printfb.o(i.__0snprintf$bare) refers to printfb.o(i._printf_core) for _printf_core
    printfb.o(i.__0snprintf$bare) refers to printfb.o(i._snputc) for _snputc
    printfb.o(i.__0sprintf$bare) refers to printfb.o(i._printf_core) for _printf_core
    printfb.o(i.__0sprintf$bare) refers to printfb.o(i._sputc) for _sputc
    printfb.o(i.__0vfprintf$bare) refers to printfb.o(i._printf_core) for _printf_core
    printfb.o(i.__0vfprintf$bare) refers to usart.o(i.fputc) for fputc
    printfb.o(i.__0vprintf$bare) refers to printfb.o(i._printf_core) for _printf_core
    printfb.o(i.__0vprintf$bare) refers to usart.o(i.fputc) for fputc
    printfb.o(i.__0vprintf$bare) refers to stdout.o(.data) for __stdout
    printfb.o(i.__0vsnprintf$bare) refers to printfb.o(i._printf_core) for _printf_core
    printfb.o(i.__0vsnprintf$bare) refers to printfb.o(i._snputc) for _snputc
    printfb.o(i.__0vsprintf$bare) refers to printfb.o(i._printf_core) for _printf_core
    printfb.o(i.__0vsprintf$bare) refers to printfb.o(i._sputc) for _sputc
    printf0.o(i.__0fprintf$0) refers to printf0.o(i._printf_core) for _printf_core
    printf0.o(i.__0fprintf$0) refers to usart.o(i.fputc) for fputc
    printf0.o(i.__0printf$0) refers to printf0.o(i._printf_core) for _printf_core
    printf0.o(i.__0printf$0) refers to usart.o(i.fputc) for fputc
    printf0.o(i.__0printf$0) refers to stdout.o(.data) for __stdout
    printf0.o(i.__0snprintf$0) refers to printf0.o(i._printf_core) for _printf_core
    printf0.o(i.__0snprintf$0) refers to printf0.o(i._snputc) for _snputc
    printf0.o(i.__0sprintf$0) refers to printf0.o(i._printf_core) for _printf_core
    printf0.o(i.__0sprintf$0) refers to printf0.o(i._sputc) for _sputc
    printf0.o(i.__0vfprintf$0) refers to printf0.o(i._printf_core) for _printf_core
    printf0.o(i.__0vfprintf$0) refers to usart.o(i.fputc) for fputc
    printf0.o(i.__0vprintf$0) refers to printf0.o(i._printf_core) for _printf_core
    printf0.o(i.__0vprintf$0) refers to usart.o(i.fputc) for fputc
    printf0.o(i.__0vprintf$0) refers to stdout.o(.data) for __stdout
    printf0.o(i.__0vsnprintf$0) refers to printf0.o(i._printf_core) for _printf_core
    printf0.o(i.__0vsnprintf$0) refers to printf0.o(i._snputc) for _snputc
    printf0.o(i.__0vsprintf$0) refers to printf0.o(i._printf_core) for _printf_core
    printf0.o(i.__0vsprintf$0) refers to printf0.o(i._sputc) for _sputc
    printf1.o(i.__0fprintf$1) refers to printf1.o(i._printf_core) for _printf_core
    printf1.o(i.__0fprintf$1) refers to usart.o(i.fputc) for fputc
    printf1.o(i.__0printf$1) refers to printf1.o(i._printf_core) for _printf_core
    printf1.o(i.__0printf$1) refers to usart.o(i.fputc) for fputc
    printf1.o(i.__0printf$1) refers to stdout.o(.data) for __stdout
    printf1.o(i.__0snprintf$1) refers to printf1.o(i._printf_core) for _printf_core
    printf1.o(i.__0snprintf$1) refers to printf1.o(i._snputc) for _snputc
    printf1.o(i.__0sprintf$1) refers to printf1.o(i._printf_core) for _printf_core
    printf1.o(i.__0sprintf$1) refers to printf1.o(i._sputc) for _sputc
    printf1.o(i.__0vfprintf$1) refers to printf1.o(i._printf_core) for _printf_core
    printf1.o(i.__0vfprintf$1) refers to usart.o(i.fputc) for fputc
    printf1.o(i.__0vprintf$1) refers to printf1.o(i._printf_core) for _printf_core
    printf1.o(i.__0vprintf$1) refers to usart.o(i.fputc) for fputc
    printf1.o(i.__0vprintf$1) refers to stdout.o(.data) for __stdout
    printf1.o(i.__0vsnprintf$1) refers to printf1.o(i._printf_core) for _printf_core
    printf1.o(i.__0vsnprintf$1) refers to printf1.o(i._snputc) for _snputc
    printf1.o(i.__0vsprintf$1) refers to printf1.o(i._printf_core) for _printf_core
    printf1.o(i.__0vsprintf$1) refers to printf1.o(i._sputc) for _sputc
    printf1.o(i._printf_core) refers to uidiv.o(.text) for __aeabi_uidivmod
    printf2.o(i.__0fprintf$2) refers to printf2.o(i._printf_core) for _printf_core
    printf2.o(i.__0fprintf$2) refers to usart.o(i.fputc) for fputc
    printf2.o(i.__0printf$2) refers to printf2.o(i._printf_core) for _printf_core
    printf2.o(i.__0printf$2) refers to usart.o(i.fputc) for fputc
    printf2.o(i.__0printf$2) refers to stdout.o(.data) for __stdout
    printf2.o(i.__0snprintf$2) refers to printf2.o(i._printf_core) for _printf_core
    printf2.o(i.__0snprintf$2) refers to printf2.o(i._snputc) for _snputc
    printf2.o(i.__0sprintf$2) refers to printf2.o(i._printf_core) for _printf_core
    printf2.o(i.__0sprintf$2) refers to printf2.o(i._sputc) for _sputc
    printf2.o(i.__0vfprintf$2) refers to printf2.o(i._printf_core) for _printf_core
    printf2.o(i.__0vfprintf$2) refers to usart.o(i.fputc) for fputc
    printf2.o(i.__0vprintf$2) refers to printf2.o(i._printf_core) for _printf_core
    printf2.o(i.__0vprintf$2) refers to usart.o(i.fputc) for fputc
    printf2.o(i.__0vprintf$2) refers to stdout.o(.data) for __stdout
    printf2.o(i.__0vsnprintf$2) refers to printf2.o(i._printf_core) for _printf_core
    printf2.o(i.__0vsnprintf$2) refers to printf2.o(i._snputc) for _snputc
    printf2.o(i.__0vsprintf$2) refers to printf2.o(i._printf_core) for _printf_core
    printf2.o(i.__0vsprintf$2) refers to printf2.o(i._sputc) for _sputc
    printf3.o(i.__0fprintf$3) refers to printf3.o(i._printf_core) for _printf_core
    printf3.o(i.__0fprintf$3) refers to usart.o(i.fputc) for fputc
    printf3.o(i.__0printf$3) refers to printf3.o(i._printf_core) for _printf_core
    printf3.o(i.__0printf$3) refers to usart.o(i.fputc) for fputc
    printf3.o(i.__0printf$3) refers to stdout.o(.data) for __stdout
    printf3.o(i.__0snprintf$3) refers to printf3.o(i._printf_core) for _printf_core
    printf3.o(i.__0snprintf$3) refers to printf3.o(i._snputc) for _snputc
    printf3.o(i.__0sprintf$3) refers to printf3.o(i._printf_core) for _printf_core
    printf3.o(i.__0sprintf$3) refers to printf3.o(i._sputc) for _sputc
    printf3.o(i.__0vfprintf$3) refers to printf3.o(i._printf_core) for _printf_core
    printf3.o(i.__0vfprintf$3) refers to usart.o(i.fputc) for fputc
    printf3.o(i.__0vprintf$3) refers to printf3.o(i._printf_core) for _printf_core
    printf3.o(i.__0vprintf$3) refers to usart.o(i.fputc) for fputc
    printf3.o(i.__0vprintf$3) refers to stdout.o(.data) for __stdout
    printf3.o(i.__0vsnprintf$3) refers to printf3.o(i._printf_core) for _printf_core
    printf3.o(i.__0vsnprintf$3) refers to printf3.o(i._snputc) for _snputc
    printf3.o(i.__0vsprintf$3) refers to printf3.o(i._printf_core) for _printf_core
    printf3.o(i.__0vsprintf$3) refers to printf3.o(i._sputc) for _sputc
    printf3.o(i._printf_core) refers to uidiv.o(.text) for __aeabi_uidivmod
    printf4.o(i.__0fprintf$4) refers to printf4.o(i._printf_core) for _printf_core
    printf4.o(i.__0fprintf$4) refers to usart.o(i.fputc) for fputc
    printf4.o(i.__0printf$4) refers to printf4.o(i._printf_core) for _printf_core
    printf4.o(i.__0printf$4) refers to usart.o(i.fputc) for fputc
    printf4.o(i.__0printf$4) refers to stdout.o(.data) for __stdout
    printf4.o(i.__0snprintf$4) refers to printf4.o(i._printf_core) for _printf_core
    printf4.o(i.__0snprintf$4) refers to printf4.o(i._snputc) for _snputc
    printf4.o(i.__0sprintf$4) refers to printf4.o(i._printf_core) for _printf_core
    printf4.o(i.__0sprintf$4) refers to printf4.o(i._sputc) for _sputc
    printf4.o(i.__0vfprintf$4) refers to printf4.o(i._printf_core) for _printf_core
    printf4.o(i.__0vfprintf$4) refers to usart.o(i.fputc) for fputc
    printf4.o(i.__0vprintf$4) refers to printf4.o(i._printf_core) for _printf_core
    printf4.o(i.__0vprintf$4) refers to usart.o(i.fputc) for fputc
    printf4.o(i.__0vprintf$4) refers to stdout.o(.data) for __stdout
    printf4.o(i.__0vsnprintf$4) refers to printf4.o(i._printf_core) for _printf_core
    printf4.o(i.__0vsnprintf$4) refers to printf4.o(i._snputc) for _snputc
    printf4.o(i.__0vsprintf$4) refers to printf4.o(i._printf_core) for _printf_core
    printf4.o(i.__0vsprintf$4) refers to printf4.o(i._sputc) for _sputc
    printf4.o(i._printf_core) refers to uldiv.o(.text) for __aeabi_uldivmod
    printf5.o(i.__0fprintf$5) refers to printf5.o(i._printf_core) for _printf_core
    printf5.o(i.__0fprintf$5) refers to usart.o(i.fputc) for fputc
    printf5.o(i.__0printf$5) refers to printf5.o(i._printf_core) for _printf_core
    printf5.o(i.__0printf$5) refers to usart.o(i.fputc) for fputc
    printf5.o(i.__0printf$5) refers to stdout.o(.data) for __stdout
    printf5.o(i.__0snprintf$5) refers to printf5.o(i._printf_core) for _printf_core
    printf5.o(i.__0snprintf$5) refers to printf5.o(i._snputc) for _snputc
    printf5.o(i.__0sprintf$5) refers to printf5.o(i._printf_core) for _printf_core
    printf5.o(i.__0sprintf$5) refers to printf5.o(i._sputc) for _sputc
    printf5.o(i.__0vfprintf$5) refers to printf5.o(i._printf_core) for _printf_core
    printf5.o(i.__0vfprintf$5) refers to usart.o(i.fputc) for fputc
    printf5.o(i.__0vprintf$5) refers to printf5.o(i._printf_core) for _printf_core
    printf5.o(i.__0vprintf$5) refers to usart.o(i.fputc) for fputc
    printf5.o(i.__0vprintf$5) refers to stdout.o(.data) for __stdout
    printf5.o(i.__0vsnprintf$5) refers to printf5.o(i._printf_core) for _printf_core
    printf5.o(i.__0vsnprintf$5) refers to printf5.o(i._snputc) for _snputc
    printf5.o(i.__0vsprintf$5) refers to printf5.o(i._printf_core) for _printf_core
    printf5.o(i.__0vsprintf$5) refers to printf5.o(i._sputc) for _sputc
    printf5.o(i._printf_core) refers to uldiv.o(.text) for __aeabi_uldivmod
    printf6.o(i.__0fprintf$6) refers to printf6.o(i._printf_core) for _printf_core
    printf6.o(i.__0fprintf$6) refers to usart.o(i.fputc) for fputc
    printf6.o(i.__0printf$6) refers to printf6.o(i._printf_core) for _printf_core
    printf6.o(i.__0printf$6) refers to usart.o(i.fputc) for fputc
    printf6.o(i.__0printf$6) refers to stdout.o(.data) for __stdout
    printf6.o(i.__0snprintf$6) refers to printf6.o(i._printf_core) for _printf_core
    printf6.o(i.__0snprintf$6) refers to printf6.o(i._snputc) for _snputc
    printf6.o(i.__0sprintf$6) refers to printf6.o(i._printf_core) for _printf_core
    printf6.o(i.__0sprintf$6) refers to printf6.o(i._sputc) for _sputc
    printf6.o(i.__0vfprintf$6) refers to printf6.o(i._printf_core) for _printf_core
    printf6.o(i.__0vfprintf$6) refers to usart.o(i.fputc) for fputc
    printf6.o(i.__0vprintf$6) refers to printf6.o(i._printf_core) for _printf_core
    printf6.o(i.__0vprintf$6) refers to usart.o(i.fputc) for fputc
    printf6.o(i.__0vprintf$6) refers to stdout.o(.data) for __stdout
    printf6.o(i.__0vsnprintf$6) refers to printf6.o(i._printf_core) for _printf_core
    printf6.o(i.__0vsnprintf$6) refers to printf6.o(i._snputc) for _snputc
    printf6.o(i.__0vsprintf$6) refers to printf6.o(i._printf_core) for _printf_core
    printf6.o(i.__0vsprintf$6) refers to printf6.o(i._sputc) for _sputc
    printf6.o(i._printf_core) refers to printf6.o(i._printf_pre_padding) for _printf_pre_padding
    printf6.o(i._printf_core) refers to uidiv.o(.text) for __aeabi_uidivmod
    printf6.o(i._printf_core) refers to printf6.o(i._printf_post_padding) for _printf_post_padding
    printf7.o(i.__0fprintf$7) refers to printf7.o(i._printf_core) for _printf_core
    printf7.o(i.__0fprintf$7) refers to usart.o(i.fputc) for fputc
    printf7.o(i.__0printf$7) refers to printf7.o(i._printf_core) for _printf_core
    printf7.o(i.__0printf$7) refers to usart.o(i.fputc) for fputc
    printf7.o(i.__0printf$7) refers to stdout.o(.data) for __stdout
    printf7.o(i.__0snprintf$7) refers to printf7.o(i._printf_core) for _printf_core
    printf7.o(i.__0snprintf$7) refers to printf7.o(i._snputc) for _snputc
    printf7.o(i.__0sprintf$7) refers to printf7.o(i._printf_core) for _printf_core
    printf7.o(i.__0sprintf$7) refers to printf7.o(i._sputc) for _sputc
    printf7.o(i.__0vfprintf$7) refers to printf7.o(i._printf_core) for _printf_core
    printf7.o(i.__0vfprintf$7) refers to usart.o(i.fputc) for fputc
    printf7.o(i.__0vprintf$7) refers to printf7.o(i._printf_core) for _printf_core
    printf7.o(i.__0vprintf$7) refers to usart.o(i.fputc) for fputc
    printf7.o(i.__0vprintf$7) refers to stdout.o(.data) for __stdout
    printf7.o(i.__0vsnprintf$7) refers to printf7.o(i._printf_core) for _printf_core
    printf7.o(i.__0vsnprintf$7) refers to printf7.o(i._snputc) for _snputc
    printf7.o(i.__0vsprintf$7) refers to printf7.o(i._printf_core) for _printf_core
    printf7.o(i.__0vsprintf$7) refers to printf7.o(i._sputc) for _sputc
    printf7.o(i._printf_core) refers to printf7.o(i._printf_pre_padding) for _printf_pre_padding
    printf7.o(i._printf_core) refers to uldiv.o(.text) for __aeabi_uldivmod
    printf7.o(i._printf_core) refers to printf7.o(i._printf_post_padding) for _printf_post_padding
    printf8.o(i.__0fprintf$8) refers to printf8.o(i._printf_core) for _printf_core
    printf8.o(i.__0fprintf$8) refers to usart.o(i.fputc) for fputc
    printf8.o(i.__0printf$8) refers to printf8.o(i._printf_core) for _printf_core
    printf8.o(i.__0printf$8) refers to usart.o(i.fputc) for fputc
    printf8.o(i.__0printf$8) refers to stdout.o(.data) for __stdout
    printf8.o(i.__0snprintf$8) refers to printf8.o(i._printf_core) for _printf_core
    printf8.o(i.__0snprintf$8) refers to printf8.o(i._snputc) for _snputc
    printf8.o(i.__0sprintf$8) refers to printf8.o(i._printf_core) for _printf_core
    printf8.o(i.__0sprintf$8) refers to printf8.o(i._sputc) for _sputc
    printf8.o(i.__0vfprintf$8) refers to printf8.o(i._printf_core) for _printf_core
    printf8.o(i.__0vfprintf$8) refers to usart.o(i.fputc) for fputc
    printf8.o(i.__0vprintf$8) refers to printf8.o(i._printf_core) for _printf_core
    printf8.o(i.__0vprintf$8) refers to usart.o(i.fputc) for fputc
    printf8.o(i.__0vprintf$8) refers to stdout.o(.data) for __stdout
    printf8.o(i.__0vsnprintf$8) refers to printf8.o(i._printf_core) for _printf_core
    printf8.o(i.__0vsnprintf$8) refers to printf8.o(i._snputc) for _snputc
    printf8.o(i.__0vsprintf$8) refers to printf8.o(i._printf_core) for _printf_core
    printf8.o(i.__0vsprintf$8) refers to printf8.o(i._sputc) for _sputc
    printf8.o(i._printf_core) refers to printf8.o(i._printf_pre_padding) for _printf_pre_padding
    printf8.o(i._printf_core) refers to uldiv.o(.text) for __aeabi_uldivmod
    printf8.o(i._printf_core) refers to printf8.o(i._printf_post_padding) for _printf_post_padding
    printfa.o(i.__0fprintf) refers (Special) to iusefp.o(.text) for __I$use$fp
    printfa.o(i.__0fprintf) refers to printfa.o(i._printf_core) for _printf_core
    printfa.o(i.__0fprintf) refers to usart.o(i.fputc) for fputc
    printfa.o(i.__0printf) refers (Special) to iusefp.o(.text) for __I$use$fp
    printfa.o(i.__0printf) refers to printfa.o(i._printf_core) for _printf_core
    printfa.o(i.__0printf) refers to usart.o(i.fputc) for fputc
    printfa.o(i.__0printf) refers to stdout.o(.data) for __stdout
    printfa.o(i.__0snprintf) refers (Special) to iusefp.o(.text) for __I$use$fp
    printfa.o(i.__0snprintf) refers to printfa.o(i._printf_core) for _printf_core
    printfa.o(i.__0snprintf) refers to printfa.o(i._snputc) for _snputc
    printfa.o(i.__0sprintf) refers (Special) to iusefp.o(.text) for __I$use$fp
    printfa.o(i.__0sprintf) refers to printfa.o(i._printf_core) for _printf_core
    printfa.o(i.__0sprintf) refers to printfa.o(i._sputc) for _sputc
    printfa.o(i.__0vfprintf) refers (Special) to iusefp.o(.text) for __I$use$fp
    printfa.o(i.__0vfprintf) refers to printfa.o(i._printf_core) for _printf_core
    printfa.o(i.__0vfprintf) refers to usart.o(i.fputc) for fputc
    printfa.o(i.__0vprintf) refers (Special) to iusefp.o(.text) for __I$use$fp
    printfa.o(i.__0vprintf) refers to printfa.o(i._printf_core) for _printf_core
    printfa.o(i.__0vprintf) refers to usart.o(i.fputc) for fputc
    printfa.o(i.__0vprintf) refers to stdout.o(.data) for __stdout
    printfa.o(i.__0vsnprintf) refers (Special) to iusefp.o(.text) for __I$use$fp
    printfa.o(i.__0vsnprintf) refers to printfa.o(i._printf_core) for _printf_core
    printfa.o(i.__0vsnprintf) refers to printfa.o(i._snputc) for _snputc
    printfa.o(i.__0vsprintf) refers (Special) to iusefp.o(.text) for __I$use$fp
    printfa.o(i.__0vsprintf) refers to printfa.o(i._printf_core) for _printf_core
    printfa.o(i.__0vsprintf) refers to printfa.o(i._sputc) for _sputc
    printfa.o(i._fp_digits) refers (Special) to iusefp.o(.text) for __I$use$fp
    printfa.o(i._fp_digits) refers to dmul.o(.text) for __aeabi_dmul
    printfa.o(i._fp_digits) refers to ddiv.o(.text) for __aeabi_ddiv
    printfa.o(i._fp_digits) refers to cdrcmple.o(.text) for __aeabi_cdrcmple
    printfa.o(i._fp_digits) refers to dadd.o(.text) for __aeabi_dadd
    printfa.o(i._fp_digits) refers to dfixul.o(.text) for __aeabi_d2ulz
    printfa.o(i._fp_digits) refers to uldiv.o(.text) for __aeabi_uldivmod
    printfa.o(i._printf_core) refers (Special) to iusefp.o(.text) for __I$use$fp
    printfa.o(i._printf_core) refers to printfa.o(i._printf_pre_padding) for _printf_pre_padding
    printfa.o(i._printf_core) refers to uldiv.o(.text) for __aeabi_uldivmod
    printfa.o(i._printf_core) refers to printfa.o(i._printf_post_padding) for _printf_post_padding
    printfa.o(i._printf_core) refers to printfa.o(i._fp_digits) for _fp_digits
    printfa.o(i._printf_core) refers to uidiv.o(.text) for __aeabi_uidivmod
    printfa.o(i._printf_post_padding) refers (Special) to iusefp.o(.text) for __I$use$fp
    printfa.o(i._printf_pre_padding) refers (Special) to iusefp.o(.text) for __I$use$fp
    printfa.o(i._snputc) refers (Special) to iusefp.o(.text) for __I$use$fp
    printfa.o(i._sputc) refers (Special) to iusefp.o(.text) for __I$use$fp
    entry2.o(.ARM.Collect$$$$00000001) refers to entry2.o(.ARM.Collect$$$$00002712) for __lit__00000000
    entry2.o(.ARM.Collect$$$$00002712) refers to startup_stm32l475xx.o(STACK) for __initial_sp
    entry2.o(__vectab_stack_and_reset_area) refers to startup_stm32l475xx.o(STACK) for __initial_sp
    entry2.o(__vectab_stack_and_reset_area) refers to entry.o(.ARM.Collect$$$$00000000) for __main
    entry5.o(.ARM.Collect$$$$00000004) refers to init.o(.text) for __scatterload
    entry9a.o(.ARM.Collect$$$$0000000B) refers to main.o(i.main) for main
    entry9b.o(.ARM.Collect$$$$0000000C) refers to main.o(i.main) for main
    uldiv.o(.text) refers to llushr.o(.text) for __aeabi_llsr
    uldiv.o(.text) refers to llshl.o(.text) for __aeabi_llsl
    dadd.o(.text) refers to llshl.o(.text) for __aeabi_llsl
    dadd.o(.text) refers to llsshr.o(.text) for __aeabi_lasr
    dadd.o(.text) refers to depilogue.o(.text) for _double_epilogue
    dmul.o(.text) refers to depilogue.o(.text) for _double_epilogue
    ddiv.o(.text) refers to depilogue.o(.text) for _double_round
    dfixul.o(.text) refers to llushr.o(.text) for __aeabi_llsr
    dfixul.o(.text) refers to llshl.o(.text) for __aeabi_llsl
    init.o(.text) refers to entry5.o(.ARM.Collect$$$$00000004) for __main_after_scatterload
    depilogue.o(.text) refers to llshl.o(.text) for __aeabi_llsl
    depilogue.o(.text) refers to llushr.o(.text) for __aeabi_llsr


==============================================================================

Removing Unused input sections from the image.

    Removing startup_stm32l475xx.o(HEAP), (512 bytes).
    Removing main.o(.rev16_text), (4 bytes).
    Removing main.o(.revsh_text), (4 bytes).
    Removing main.o(.rrx_text), (6 bytes).
    Removing main.o(i.Error_Handler), (4 bytes).
    Removing gpio.o(.rev16_text), (4 bytes).
    Removing gpio.o(.revsh_text), (4 bytes).
    Removing gpio.o(.rrx_text), (6 bytes).
    Removing tim.o(.rev16_text), (4 bytes).
    Removing tim.o(.revsh_text), (4 bytes).
    Removing tim.o(.rrx_text), (6 bytes).
    Removing usart.o(.rev16_text), (4 bytes).
    Removing usart.o(.revsh_text), (4 bytes).
    Removing usart.o(.rrx_text), (6 bytes).
    Removing usart.o(i.USART1_SendByte), (36 bytes).
    Removing stm32l4xx_it.o(.rev16_text), (4 bytes).
    Removing stm32l4xx_it.o(.revsh_text), (4 bytes).
    Removing stm32l4xx_it.o(.rrx_text), (6 bytes).
    Removing stm32l4xx_ll_utils.o(.rev16_text), (4 bytes).
    Removing stm32l4xx_ll_utils.o(.revsh_text), (4 bytes).
    Removing stm32l4xx_ll_utils.o(.rrx_text), (6 bytes).
    Removing stm32l4xx_ll_utils.o(i.LL_PLL_ConfigSystemClock_HSE), (108 bytes).
    Removing stm32l4xx_ll_utils.o(i.LL_PLL_ConfigSystemClock_HSI), (84 bytes).
    Removing stm32l4xx_ll_utils.o(i.LL_PLL_ConfigSystemClock_MSI), (160 bytes).
    Removing stm32l4xx_ll_utils.o(i.LL_RCC_PLL_ConfigDomain_SYS), (32 bytes).
    Removing stm32l4xx_ll_utils.o(i.LL_SetFlashLatency), (160 bytes).
    Removing stm32l4xx_ll_utils.o(i.LL_mDelay), (30 bytes).
    Removing stm32l4xx_ll_utils.o(i.UTILS_EnablePLLAndSwitchSystem), (152 bytes).
    Removing stm32l4xx_ll_utils.o(i.UTILS_GetPLLOutputFrequency), (34 bytes).
    Removing stm32l4xx_ll_utils.o(i.UTILS_PLL_IsBusy), (44 bytes).
    Removing stm32l4xx_ll_exti.o(.rev16_text), (4 bytes).
    Removing stm32l4xx_ll_exti.o(.revsh_text), (4 bytes).
    Removing stm32l4xx_ll_exti.o(.rrx_text), (6 bytes).
    Removing stm32l4xx_ll_exti.o(i.LL_EXTI_DeInit), (76 bytes).
    Removing stm32l4xx_ll_exti.o(i.LL_EXTI_Init), (320 bytes).
    Removing stm32l4xx_ll_exti.o(i.LL_EXTI_StructInit), (16 bytes).
    Removing stm32l4xx_ll_gpio.o(.rev16_text), (4 bytes).
    Removing stm32l4xx_ll_gpio.o(.revsh_text), (4 bytes).
    Removing stm32l4xx_ll_gpio.o(.rrx_text), (6 bytes).
    Removing stm32l4xx_ll_gpio.o(i.LL_AHB2_GRP1_ForceReset), (16 bytes).
    Removing stm32l4xx_ll_gpio.o(i.LL_AHB2_GRP1_ReleaseReset), (16 bytes).
    Removing stm32l4xx_ll_gpio.o(i.LL_GPIO_DeInit), (172 bytes).
    Removing stm32l4xx_ll_gpio.o(i.LL_GPIO_StructInit), (22 bytes).
    Removing stm32l4xx_ll_pwr.o(.rev16_text), (4 bytes).
    Removing stm32l4xx_ll_pwr.o(.revsh_text), (4 bytes).
    Removing stm32l4xx_ll_pwr.o(.rrx_text), (6 bytes).
    Removing stm32l4xx_ll_pwr.o(i.LL_PWR_DeInit), (28 bytes).
    Removing stm32l4xx_ll_tim.o(.rev16_text), (4 bytes).
    Removing stm32l4xx_ll_tim.o(.revsh_text), (4 bytes).
    Removing stm32l4xx_ll_tim.o(.rrx_text), (6 bytes).
    Removing stm32l4xx_ll_tim.o(i.LL_APB1_GRP1_ForceReset), (16 bytes).
    Removing stm32l4xx_ll_tim.o(i.LL_APB1_GRP1_ReleaseReset), (16 bytes).
    Removing stm32l4xx_ll_tim.o(i.LL_APB2_GRP1_ForceReset), (16 bytes).
    Removing stm32l4xx_ll_tim.o(i.LL_APB2_GRP1_ReleaseReset), (16 bytes).
    Removing stm32l4xx_ll_tim.o(i.LL_TIM_BDTR_Init), (120 bytes).
    Removing stm32l4xx_ll_tim.o(i.LL_TIM_BDTR_StructInit), (26 bytes).
    Removing stm32l4xx_ll_tim.o(i.LL_TIM_DeInit), (220 bytes).
    Removing stm32l4xx_ll_tim.o(i.LL_TIM_ENCODER_Init), (100 bytes).
    Removing stm32l4xx_ll_tim.o(i.LL_TIM_ENCODER_StructInit), (28 bytes).
    Removing stm32l4xx_ll_tim.o(i.LL_TIM_HALLSENSOR_Init), (96 bytes).
    Removing stm32l4xx_ll_tim.o(i.LL_TIM_HALLSENSOR_StructInit), (12 bytes).
    Removing stm32l4xx_ll_tim.o(i.LL_TIM_IC_Init), (224 bytes).
    Removing stm32l4xx_ll_tim.o(i.LL_TIM_IC_StructInit), (16 bytes).
    Removing stm32l4xx_ll_tim.o(i.LL_TIM_OC_Init), (442 bytes).
    Removing stm32l4xx_ll_tim.o(i.LL_TIM_OC_StructInit), (20 bytes).
    Removing stm32l4xx_ll_tim.o(i.LL_TIM_StructInit), (16 bytes).
    Removing stm32l4xx_ll_tim.o(i.OC1Config), (152 bytes).
    Removing stm32l4xx_ll_tim.o(i.OC2Config), (160 bytes).
    Removing stm32l4xx_ll_tim.o(i.OC3Config), (156 bytes).
    Removing stm32l4xx_ll_dma.o(.rev16_text), (4 bytes).
    Removing stm32l4xx_ll_dma.o(.revsh_text), (4 bytes).
    Removing stm32l4xx_ll_dma.o(.rrx_text), (6 bytes).
    Removing stm32l4xx_ll_dma.o(i.LL_DMA_DeInit), (320 bytes).
    Removing stm32l4xx_ll_dma.o(i.LL_DMA_Init), (96 bytes).
    Removing stm32l4xx_ll_dma.o(i.LL_DMA_SetPeriphRequest), (30 bytes).
    Removing stm32l4xx_ll_dma.o(i.LL_DMA_StructInit), (26 bytes).
    Removing stm32l4xx_ll_dma.o(.constdata), (7 bytes).
    Removing stm32l4xx_ll_usart.o(.rev16_text), (4 bytes).
    Removing stm32l4xx_ll_usart.o(.revsh_text), (4 bytes).
    Removing stm32l4xx_ll_usart.o(.rrx_text), (6 bytes).
    Removing stm32l4xx_ll_usart.o(i.LL_APB1_GRP1_ForceReset), (16 bytes).
    Removing stm32l4xx_ll_usart.o(i.LL_APB1_GRP1_ReleaseReset), (16 bytes).
    Removing stm32l4xx_ll_usart.o(i.LL_USART_ClockInit), (56 bytes).
    Removing stm32l4xx_ll_usart.o(i.LL_USART_ClockStructInit), (12 bytes).
    Removing stm32l4xx_ll_usart.o(i.LL_USART_DeInit), (120 bytes).
    Removing stm32l4xx_ll_usart.o(i.LL_USART_StructInit), (24 bytes).
    Removing stm32l4xx_ll_rcc.o(.rev16_text), (4 bytes).
    Removing stm32l4xx_ll_rcc.o(.revsh_text), (4 bytes).
    Removing stm32l4xx_ll_rcc.o(.rrx_text), (6 bytes).
    Removing stm32l4xx_ll_rcc.o(i.LL_RCC_DeInit), (136 bytes).
    Removing stm32l4xx_ll_rcc.o(i.LL_RCC_GetADCClockFreq), (80 bytes).
    Removing stm32l4xx_ll_rcc.o(i.LL_RCC_GetDFSDMClockFreq), (56 bytes).
    Removing stm32l4xx_ll_rcc.o(i.LL_RCC_GetI2CClockFreq), (128 bytes).
    Removing stm32l4xx_ll_rcc.o(i.LL_RCC_GetI2CClockSource), (32 bytes).
    Removing stm32l4xx_ll_rcc.o(i.LL_RCC_GetLPTIMClockFreq), (164 bytes).
    Removing stm32l4xx_ll_rcc.o(i.LL_RCC_GetLPUARTClockFreq), (88 bytes).
    Removing stm32l4xx_ll_rcc.o(i.LL_RCC_GetRNGClockFreq), (136 bytes).
    Removing stm32l4xx_ll_rcc.o(i.LL_RCC_GetSAIClockFreq), (168 bytes).
    Removing stm32l4xx_ll_rcc.o(i.LL_RCC_GetSDMMCClockFreq), (136 bytes).
    Removing stm32l4xx_ll_rcc.o(i.LL_RCC_GetSWPMIClockFreq), (56 bytes).
    Removing stm32l4xx_ll_rcc.o(i.LL_RCC_GetSystemClocksFreq), (32 bytes).
    Removing stm32l4xx_ll_rcc.o(i.LL_RCC_GetUSBClockFreq), (136 bytes).
    Removing stm32l4xx_ll_rcc.o(i.LL_RCC_MSI_IsReady), (16 bytes).
    Removing stm32l4xx_ll_rcc.o(i.LL_RCC_PLLSAI1_IsReady), (16 bytes).
    Removing stm32l4xx_ll_rcc.o(i.LL_RCC_PLL_IsReady), (16 bytes).
    Removing stm32l4xx_ll_rcc.o(i.RCC_PLLSAI1_GetFreqDomain_48M), (140 bytes).
    Removing stm32l4xx_ll_rcc.o(i.RCC_PLLSAI1_GetFreqDomain_ADC), (140 bytes).
    Removing stm32l4xx_ll_rcc.o(i.RCC_PLLSAI1_GetFreqDomain_SAI), (144 bytes).
    Removing stm32l4xx_ll_rcc.o(i.RCC_PLLSAI2_GetFreqDomain_ADC), (140 bytes).
    Removing stm32l4xx_ll_rcc.o(i.RCC_PLLSAI2_GetFreqDomain_SAI), (144 bytes).
    Removing stm32l4xx_ll_rcc.o(i.RCC_PLL_GetFreqDomain_48M), (140 bytes).
    Removing stm32l4xx_ll_rcc.o(i.RCC_PLL_GetFreqDomain_SAI), (144 bytes).
    Removing system_stm32l4xx.o(.rev16_text), (4 bytes).
    Removing system_stm32l4xx.o(.revsh_text), (4 bytes).
    Removing system_stm32l4xx.o(.rrx_text), (6 bytes).
    Removing system_stm32l4xx.o(i.SystemCoreClockUpdate), (168 bytes).
    Removing dadd.o(.text), (350 bytes).
    Removing dmul.o(.text), (234 bytes).
    Removing ddiv.o(.text), (222 bytes).
    Removing dfixul.o(.text), (48 bytes).
    Removing cdrcmple.o(.text), (48 bytes).
    Removing depilogue.o(.text), (186 bytes).

122 unused section(s) (total 8437 bytes) removed from the image.

==============================================================================

Image Symbol Table

    Local Symbols

    Symbol Name                              Value     Ov Type        Size  Object(Section)

    ../Core/Src/gpio.c                       0x00000000   Number         0  gpio.o ABSOLUTE
    ../Core/Src/main.c                       0x00000000   Number         0  main.o ABSOLUTE
    ../Core/Src/stm32l4xx_it.c               0x00000000   Number         0  stm32l4xx_it.o ABSOLUTE
    ../Core/Src/system_stm32l4xx.c           0x00000000   Number         0  system_stm32l4xx.o ABSOLUTE
    ../Core/Src/tim.c                        0x00000000   Number         0  tim.o ABSOLUTE
    ../Core/Src/usart.c                      0x00000000   Number         0  usart.o ABSOLUTE
    ../Drivers/STM32L4xx_HAL_Driver/Src/stm32l4xx_ll_dma.c 0x00000000   Number         0  stm32l4xx_ll_dma.o ABSOLUTE
    ../Drivers/STM32L4xx_HAL_Driver/Src/stm32l4xx_ll_exti.c 0x00000000   Number         0  stm32l4xx_ll_exti.o ABSOLUTE
    ../Drivers/STM32L4xx_HAL_Driver/Src/stm32l4xx_ll_gpio.c 0x00000000   Number         0  stm32l4xx_ll_gpio.o ABSOLUTE
    ../Drivers/STM32L4xx_HAL_Driver/Src/stm32l4xx_ll_pwr.c 0x00000000   Number         0  stm32l4xx_ll_pwr.o ABSOLUTE
    ../Drivers/STM32L4xx_HAL_Driver/Src/stm32l4xx_ll_rcc.c 0x00000000   Number         0  stm32l4xx_ll_rcc.o ABSOLUTE
    ../Drivers/STM32L4xx_HAL_Driver/Src/stm32l4xx_ll_tim.c 0x00000000   Number         0  stm32l4xx_ll_tim.o ABSOLUTE
    ../Drivers/STM32L4xx_HAL_Driver/Src/stm32l4xx_ll_usart.c 0x00000000   Number         0  stm32l4xx_ll_usart.o ABSOLUTE
    ../Drivers/STM32L4xx_HAL_Driver/Src/stm32l4xx_ll_utils.c 0x00000000   Number         0  stm32l4xx_ll_utils.o ABSOLUTE
    ../clib/microlib/division.c              0x00000000   Number         0  uldiv.o ABSOLUTE
    ../clib/microlib/division.c              0x00000000   Number         0  uidiv.o ABSOLUTE
    ../clib/microlib/init/entry.s            0x00000000   Number         0  entry10b.o ABSOLUTE
    ../clib/microlib/init/entry.s            0x00000000   Number         0  entry11b.o ABSOLUTE
    ../clib/microlib/init/entry.s            0x00000000   Number         0  entry9a.o ABSOLUTE
    ../clib/microlib/init/entry.s            0x00000000   Number         0  entry10a.o ABSOLUTE
    ../clib/microlib/init/entry.s            0x00000000   Number         0  entry2.o ABSOLUTE
    ../clib/microlib/init/entry.s            0x00000000   Number         0  entry9b.o ABSOLUTE
    ../clib/microlib/init/entry.s            0x00000000   Number         0  entry11a.o ABSOLUTE
    ../clib/microlib/init/entry.s            0x00000000   Number         0  entry.o ABSOLUTE
    ../clib/microlib/init/entry.s            0x00000000   Number         0  entry8b.o ABSOLUTE
    ../clib/microlib/init/entry.s            0x00000000   Number         0  entry8a.o ABSOLUTE
    ../clib/microlib/init/entry.s            0x00000000   Number         0  entry7b.o ABSOLUTE
    ../clib/microlib/init/entry.s            0x00000000   Number         0  entry7a.o ABSOLUTE
    ../clib/microlib/init/entry.s            0x00000000   Number         0  entry5.o ABSOLUTE
    ../clib/microlib/longlong.c              0x00000000   Number         0  llshl.o ABSOLUTE
    ../clib/microlib/longlong.c              0x00000000   Number         0  llsshr.o ABSOLUTE
    ../clib/microlib/longlong.c              0x00000000   Number         0  llushr.o ABSOLUTE
    ../clib/microlib/printf/printf.c         0x00000000   Number         0  printf6.o ABSOLUTE
    ../clib/microlib/printf/printf.c         0x00000000   Number         0  printf7.o ABSOLUTE
    ../clib/microlib/printf/printf.c         0x00000000   Number         0  printf8.o ABSOLUTE
    ../clib/microlib/printf/printf.c         0x00000000   Number         0  printfa.o ABSOLUTE
    ../clib/microlib/printf/printf.c         0x00000000   Number         0  printf4.o ABSOLUTE
    ../clib/microlib/printf/printf.c         0x00000000   Number         0  printfb.o ABSOLUTE
    ../clib/microlib/printf/printf.c         0x00000000   Number         0  printf5.o ABSOLUTE
    ../clib/microlib/printf/printf.c         0x00000000   Number         0  printf0.o ABSOLUTE
    ../clib/microlib/printf/printf.c         0x00000000   Number         0  printf1.o ABSOLUTE
    ../clib/microlib/printf/printf.c         0x00000000   Number         0  printf3.o ABSOLUTE
    ../clib/microlib/printf/printf.c         0x00000000   Number         0  printf2.o ABSOLUTE
    ../clib/microlib/stdio/streams.c         0x00000000   Number         0  stdout.o ABSOLUTE
    ../clib/microlib/string/memset.c         0x00000000   Number         0  memseta.o ABSOLUTE
    ../clib/microlib/stubs.s                 0x00000000   Number         0  iusefp.o ABSOLUTE
    ../fplib/microlib/fpadd.c                0x00000000   Number         0  dadd.o ABSOLUTE
    ../fplib/microlib/fpdiv.c                0x00000000   Number         0  ddiv.o ABSOLUTE
    ../fplib/microlib/fpepilogue.c           0x00000000   Number         0  depilogue.o ABSOLUTE
    ../fplib/microlib/fpfix.c                0x00000000   Number         0  dfixul.o ABSOLUTE
    ../fplib/microlib/fpmul.c                0x00000000   Number         0  dmul.o ABSOLUTE
    ..\Core\Src\gpio.c                       0x00000000   Number         0  gpio.o ABSOLUTE
    ..\Core\Src\main.c                       0x00000000   Number         0  main.o ABSOLUTE
    ..\Core\Src\stm32l4xx_it.c               0x00000000   Number         0  stm32l4xx_it.o ABSOLUTE
    ..\Core\Src\system_stm32l4xx.c           0x00000000   Number         0  system_stm32l4xx.o ABSOLUTE
    ..\Core\Src\tim.c                        0x00000000   Number         0  tim.o ABSOLUTE
    ..\Core\Src\usart.c                      0x00000000   Number         0  usart.o ABSOLUTE
    ..\Drivers\STM32L4xx_HAL_Driver\Src\stm32l4xx_ll_dma.c 0x00000000   Number         0  stm32l4xx_ll_dma.o ABSOLUTE
    ..\Drivers\STM32L4xx_HAL_Driver\Src\stm32l4xx_ll_exti.c 0x00000000   Number         0  stm32l4xx_ll_exti.o ABSOLUTE
    ..\Drivers\STM32L4xx_HAL_Driver\Src\stm32l4xx_ll_gpio.c 0x00000000   Number         0  stm32l4xx_ll_gpio.o ABSOLUTE
    ..\Drivers\STM32L4xx_HAL_Driver\Src\stm32l4xx_ll_pwr.c 0x00000000   Number         0  stm32l4xx_ll_pwr.o ABSOLUTE
    ..\Drivers\STM32L4xx_HAL_Driver\Src\stm32l4xx_ll_rcc.c 0x00000000   Number         0  stm32l4xx_ll_rcc.o ABSOLUTE
    ..\Drivers\STM32L4xx_HAL_Driver\Src\stm32l4xx_ll_tim.c 0x00000000   Number         0  stm32l4xx_ll_tim.o ABSOLUTE
    ..\Drivers\STM32L4xx_HAL_Driver\Src\stm32l4xx_ll_usart.c 0x00000000   Number         0  stm32l4xx_ll_usart.o ABSOLUTE
    ..\Drivers\STM32L4xx_HAL_Driver\Src\stm32l4xx_ll_utils.c 0x00000000   Number         0  stm32l4xx_ll_utils.o ABSOLUTE
    cdrcmple.s                               0x00000000   Number         0  cdrcmple.o ABSOLUTE
    dc.s                                     0x00000000   Number         0  dc.o ABSOLUTE
    handlers.s                               0x00000000   Number         0  handlers.o ABSOLUTE
    init.s                                   0x00000000   Number         0  init.o ABSOLUTE
    startup_stm32l475xx.s                    0x00000000   Number         0  startup_stm32l475xx.o ABSOLUTE
    RESET                                    0x08000000   Section      392  startup_stm32l475xx.o(RESET)
    .ARM.Collect$$$$00000000                 0x08000188   Section        0  entry.o(.ARM.Collect$$$$00000000)
    .ARM.Collect$$$$00000001                 0x08000188   Section        4  entry2.o(.ARM.Collect$$$$00000001)
    .ARM.Collect$$$$00000004                 0x0800018c   Section        4  entry5.o(.ARM.Collect$$$$00000004)
    .ARM.Collect$$$$00000008                 0x08000190   Section        0  entry7b.o(.ARM.Collect$$$$00000008)
    .ARM.Collect$$$$0000000A                 0x08000190   Section        0  entry8b.o(.ARM.Collect$$$$0000000A)
    .ARM.Collect$$$$0000000B                 0x08000190   Section        8  entry9a.o(.ARM.Collect$$$$0000000B)
    .ARM.Collect$$$$0000000D                 0x08000198   Section        0  entry10a.o(.ARM.Collect$$$$0000000D)
    .ARM.Collect$$$$0000000F                 0x08000198   Section        0  entry11a.o(.ARM.Collect$$$$0000000F)
    .ARM.Collect$$$$00002712                 0x08000198   Section        4  entry2.o(.ARM.Collect$$$$00002712)
    __lit__00000000                          0x08000198   Data           4  entry2.o(.ARM.Collect$$$$00002712)
    .text                                    0x0800019c   Section       36  startup_stm32l475xx.o(.text)
    $v0                                      0x0800019c   Number         0  startup_stm32l475xx.o(.text)
    .text                                    0x080001c0   Section        0  memseta.o(.text)
    .text                                    0x080001e4   Section       36  init.o(.text)
    i.BusFault_Handler                       0x08000208   Section        0  stm32l4xx_it.o(i.BusFault_Handler)
    i.DebugMon_Handler                       0x0800020a   Section        0  stm32l4xx_it.o(i.DebugMon_Handler)
    i.HardFault_Handler                      0x0800020c   Section        0  stm32l4xx_it.o(i.HardFault_Handler)
    i.LL_AHB2_GRP1_EnableClock               0x08000210   Section        0  gpio.o(i.LL_AHB2_GRP1_EnableClock)
    LL_AHB2_GRP1_EnableClock                 0x08000211   Thumb Code    18  gpio.o(i.LL_AHB2_GRP1_EnableClock)
    i.LL_GPIO_Init                           0x08000228   Section        0  stm32l4xx_ll_gpio.o(i.LL_GPIO_Init)
    i.LL_Init1msTick                         0x0800035e   Section        0  stm32l4xx_ll_utils.o(i.LL_Init1msTick)
    i.LL_RCC_GetUARTClockFreq                0x08000378   Section        0  stm32l4xx_ll_rcc.o(i.LL_RCC_GetUARTClockFreq)
    i.LL_RCC_GetUSARTClockFreq               0x08000414   Section        0  stm32l4xx_ll_rcc.o(i.LL_RCC_GetUSARTClockFreq)
    i.LL_RCC_HSI_IsReady                     0x080004e0   Section        0  stm32l4xx_ll_rcc.o(i.LL_RCC_HSI_IsReady)
    LL_RCC_HSI_IsReady                       0x080004e1   Thumb Code    10  stm32l4xx_ll_rcc.o(i.LL_RCC_HSI_IsReady)
    i.LL_RCC_LSE_IsReady                     0x080004f0   Section        0  stm32l4xx_ll_rcc.o(i.LL_RCC_LSE_IsReady)
    LL_RCC_LSE_IsReady                       0x080004f1   Thumb Code    12  stm32l4xx_ll_rcc.o(i.LL_RCC_LSE_IsReady)
    i.LL_RCC_MSI_GetRange                    0x08000500   Section        0  stm32l4xx_ll_rcc.o(i.LL_RCC_MSI_GetRange)
    LL_RCC_MSI_GetRange                      0x08000501   Thumb Code    10  stm32l4xx_ll_rcc.o(i.LL_RCC_MSI_GetRange)
    i.LL_RCC_MSI_GetRangeAfterStandby        0x08000510   Section        0  stm32l4xx_ll_rcc.o(i.LL_RCC_MSI_GetRangeAfterStandby)
    LL_RCC_MSI_GetRangeAfterStandby          0x08000511   Thumb Code    12  stm32l4xx_ll_rcc.o(i.LL_RCC_MSI_GetRangeAfterStandby)
    i.LL_RCC_MSI_IsEnabledRangeSelect        0x08000520   Section        0  stm32l4xx_ll_rcc.o(i.LL_RCC_MSI_IsEnabledRangeSelect)
    LL_RCC_MSI_IsEnabledRangeSelect          0x08000521   Thumb Code    10  stm32l4xx_ll_rcc.o(i.LL_RCC_MSI_IsEnabledRangeSelect)
    i.LL_RCC_PLL_GetDivider                  0x08000530   Section        0  stm32l4xx_ll_rcc.o(i.LL_RCC_PLL_GetDivider)
    LL_RCC_PLL_GetDivider                    0x08000531   Thumb Code    10  stm32l4xx_ll_rcc.o(i.LL_RCC_PLL_GetDivider)
    i.LL_RCC_PLL_GetMainSource               0x08000540   Section        0  stm32l4xx_ll_rcc.o(i.LL_RCC_PLL_GetMainSource)
    LL_RCC_PLL_GetMainSource                 0x08000541   Thumb Code    10  stm32l4xx_ll_rcc.o(i.LL_RCC_PLL_GetMainSource)
    i.LL_SetSystemCoreClock                  0x08000550   Section        0  stm32l4xx_ll_utils.o(i.LL_SetSystemCoreClock)
    i.LL_TIM_Init                            0x0800055c   Section        0  stm32l4xx_ll_tim.o(i.LL_TIM_Init)
    i.LL_USART_Init                          0x0800061c   Section        0  stm32l4xx_ll_usart.o(i.LL_USART_Init)
    i.MX_GPIO_Init                           0x080006ec   Section        0  gpio.o(i.MX_GPIO_Init)
    i.MX_TIM15_Init                          0x08000704   Section        0  tim.o(i.MX_TIM15_Init)
    i.MX_USART1_UART_Init                    0x080007a4   Section        0  usart.o(i.MX_USART1_UART_Init)
    i.MemManage_Handler                      0x0800088c   Section        0  stm32l4xx_it.o(i.MemManage_Handler)
    i.NMI_Handler                            0x0800088e   Section        0  stm32l4xx_it.o(i.NMI_Handler)
    i.PendSV_Handler                         0x08000890   Section        0  stm32l4xx_it.o(i.PendSV_Handler)
    i.RCC_GetHCLKClockFreq                   0x08000894   Section        0  stm32l4xx_ll_rcc.o(i.RCC_GetHCLKClockFreq)
    RCC_GetHCLKClockFreq                     0x08000895   Thumb Code    18  stm32l4xx_ll_rcc.o(i.RCC_GetHCLKClockFreq)
    i.RCC_GetPCLK1ClockFreq                  0x080008b0   Section        0  stm32l4xx_ll_rcc.o(i.RCC_GetPCLK1ClockFreq)
    RCC_GetPCLK1ClockFreq                    0x080008b1   Thumb Code    20  stm32l4xx_ll_rcc.o(i.RCC_GetPCLK1ClockFreq)
    i.RCC_GetPCLK2ClockFreq                  0x080008cc   Section        0  stm32l4xx_ll_rcc.o(i.RCC_GetPCLK2ClockFreq)
    RCC_GetPCLK2ClockFreq                    0x080008cd   Thumb Code    20  stm32l4xx_ll_rcc.o(i.RCC_GetPCLK2ClockFreq)
    i.RCC_GetSystemClockFreq                 0x080008e8   Section        0  stm32l4xx_ll_rcc.o(i.RCC_GetSystemClockFreq)
    RCC_GetSystemClockFreq                   0x080008e9   Thumb Code    98  stm32l4xx_ll_rcc.o(i.RCC_GetSystemClockFreq)
    i.RCC_PLL_GetFreqDomain_SYS              0x0800095c   Section        0  stm32l4xx_ll_rcc.o(i.RCC_PLL_GetFreqDomain_SYS)
    RCC_PLL_GetFreqDomain_SYS                0x0800095d   Thumb Code   122  stm32l4xx_ll_rcc.o(i.RCC_PLL_GetFreqDomain_SYS)
    i.SVC_Handler                            0x080009e8   Section        0  stm32l4xx_it.o(i.SVC_Handler)
    i.SysTick_Handler                        0x080009ea   Section        0  stm32l4xx_it.o(i.SysTick_Handler)
    i.SystemClock_Config                     0x080009ec   Section        0  main.o(i.SystemClock_Config)
    i.SystemInit                             0x08000aa4   Section        0  system_stm32l4xx.o(i.SystemInit)
    i.TIM1_BRK_TIM15_IRQHandler              0x08000ae0   Section        0  stm32l4xx_it.o(i.TIM1_BRK_TIM15_IRQHandler)
    i.USART1_IRQHandler                      0x08000ae4   Section        0  stm32l4xx_it.o(i.USART1_IRQHandler)
    i.UsageFault_Handler                     0x08000afc   Section        0  stm32l4xx_it.o(i.UsageFault_Handler)
    i.__0printf$bare                         0x08000b00   Section        0  printfb.o(i.__0printf$bare)
    i.__scatterload_copy                     0x08000b10   Section       14  handlers.o(i.__scatterload_copy)
    i.__scatterload_null                     0x08000b1e   Section        2  handlers.o(i.__scatterload_null)
    i.__scatterload_zeroinit                 0x08000b20   Section       14  handlers.o(i.__scatterload_zeroinit)
    i._printf_core                           0x08000b2e   Section        0  printfb.o(i._printf_core)
    _printf_core                             0x08000b2f   Thumb Code    34  printfb.o(i._printf_core)
    i.fputc                                  0x08000b50   Section        0  usart.o(i.fputc)
    i.main                                   0x08000b68   Section        0  main.o(i.main)
    .constdata                               0x08000c0c   Section       64  system_stm32l4xx.o(.constdata)
    .constdata                               0x08000c4c   Section        8  system_stm32l4xx.o(.constdata)
    .data                                    0x20000000   Section        4  system_stm32l4xx.o(.data)
    .data                                    0x20000004   Section        4  stdout.o(.data)
    STACK                                    0x20000008   Section     1024  startup_stm32l475xx.o(STACK)

    Global Symbols

    Symbol Name                              Value     Ov Type        Size  Object(Section)

    BuildAttributes$$THM_ISAv4$E$P$D$K$B$S$7EM$VFPi3$EXTD16$VFPS$VFMA$PE$A:L22UL41UL21$X:L11$S22US41US21$IEEE1$IW$USESV6$~STKCKD$USESV7$~SHL$OSPACE$ROPI$EBA8$MICROLIB$REQ8$PRES8$EABIv2 0x00000000   Number         0  anon$$obj.o ABSOLUTE
    __ARM_use_no_argv                        0x00000000   Number         0  main.o ABSOLUTE
    __cpp_initialize__aeabi_                  - Undefined Weak Reference
    __cxa_finalize                            - Undefined Weak Reference
    __decompress                              - Undefined Weak Reference
    _clock_init                               - Undefined Weak Reference
    _microlib_exit                            - Undefined Weak Reference
    __Vectors_Size                           0x00000188   Number         0  startup_stm32l475xx.o ABSOLUTE
    __Vectors                                0x08000000   Data           4  startup_stm32l475xx.o(RESET)
    __Vectors_End                            0x08000188   Data           0  startup_stm32l475xx.o(RESET)
    __main                                   0x08000189   Thumb Code     0  entry.o(.ARM.Collect$$$$00000000)
    _main_stk                                0x08000189   Thumb Code     0  entry2.o(.ARM.Collect$$$$00000001)
    _main_scatterload                        0x0800018d   Thumb Code     0  entry5.o(.ARM.Collect$$$$00000004)
    __main_after_scatterload                 0x08000191   Thumb Code     0  entry5.o(.ARM.Collect$$$$00000004)
    _main_clock                              0x08000191   Thumb Code     0  entry7b.o(.ARM.Collect$$$$00000008)
    _main_cpp_init                           0x08000191   Thumb Code     0  entry8b.o(.ARM.Collect$$$$0000000A)
    _main_init                               0x08000191   Thumb Code     0  entry9a.o(.ARM.Collect$$$$0000000B)
    __rt_final_cpp                           0x08000199   Thumb Code     0  entry10a.o(.ARM.Collect$$$$0000000D)
    __rt_final_exit                          0x08000199   Thumb Code     0  entry11a.o(.ARM.Collect$$$$0000000F)
    Reset_Handler                            0x0800019d   Thumb Code     8  startup_stm32l475xx.o(.text)
    ADC1_2_IRQHandler                        0x080001b7   Thumb Code     0  startup_stm32l475xx.o(.text)
    ADC3_IRQHandler                          0x080001b7   Thumb Code     0  startup_stm32l475xx.o(.text)
    CAN1_RX0_IRQHandler                      0x080001b7   Thumb Code     0  startup_stm32l475xx.o(.text)
    CAN1_RX1_IRQHandler                      0x080001b7   Thumb Code     0  startup_stm32l475xx.o(.text)
    CAN1_SCE_IRQHandler                      0x080001b7   Thumb Code     0  startup_stm32l475xx.o(.text)
    CAN1_TX_IRQHandler                       0x080001b7   Thumb Code     0  startup_stm32l475xx.o(.text)
    COMP_IRQHandler                          0x080001b7   Thumb Code     0  startup_stm32l475xx.o(.text)
    DFSDM1_FLT0_IRQHandler                   0x080001b7   Thumb Code     0  startup_stm32l475xx.o(.text)
    DFSDM1_FLT1_IRQHandler                   0x080001b7   Thumb Code     0  startup_stm32l475xx.o(.text)
    DFSDM1_FLT2_IRQHandler                   0x080001b7   Thumb Code     0  startup_stm32l475xx.o(.text)
    DFSDM1_FLT3_IRQHandler                   0x080001b7   Thumb Code     0  startup_stm32l475xx.o(.text)
    DMA1_Channel1_IRQHandler                 0x080001b7   Thumb Code     0  startup_stm32l475xx.o(.text)
    DMA1_Channel2_IRQHandler                 0x080001b7   Thumb Code     0  startup_stm32l475xx.o(.text)
    DMA1_Channel3_IRQHandler                 0x080001b7   Thumb Code     0  startup_stm32l475xx.o(.text)
    DMA1_Channel4_IRQHandler                 0x080001b7   Thumb Code     0  startup_stm32l475xx.o(.text)
    DMA1_Channel5_IRQHandler                 0x080001b7   Thumb Code     0  startup_stm32l475xx.o(.text)
    DMA1_Channel6_IRQHandler                 0x080001b7   Thumb Code     0  startup_stm32l475xx.o(.text)
    DMA1_Channel7_IRQHandler                 0x080001b7   Thumb Code     0  startup_stm32l475xx.o(.text)
    DMA2_Channel1_IRQHandler                 0x080001b7   Thumb Code     0  startup_stm32l475xx.o(.text)
    DMA2_Channel2_IRQHandler                 0x080001b7   Thumb Code     0  startup_stm32l475xx.o(.text)
    DMA2_Channel3_IRQHandler                 0x080001b7   Thumb Code     0  startup_stm32l475xx.o(.text)
    DMA2_Channel4_IRQHandler                 0x080001b7   Thumb Code     0  startup_stm32l475xx.o(.text)
    DMA2_Channel5_IRQHandler                 0x080001b7   Thumb Code     0  startup_stm32l475xx.o(.text)
    DMA2_Channel6_IRQHandler                 0x080001b7   Thumb Code     0  startup_stm32l475xx.o(.text)
    DMA2_Channel7_IRQHandler                 0x080001b7   Thumb Code     0  startup_stm32l475xx.o(.text)
    EXTI0_IRQHandler                         0x080001b7   Thumb Code     0  startup_stm32l475xx.o(.text)
    EXTI15_10_IRQHandler                     0x080001b7   Thumb Code     0  startup_stm32l475xx.o(.text)
    EXTI1_IRQHandler                         0x080001b7   Thumb Code     0  startup_stm32l475xx.o(.text)
    EXTI2_IRQHandler                         0x080001b7   Thumb Code     0  startup_stm32l475xx.o(.text)
    EXTI3_IRQHandler                         0x080001b7   Thumb Code     0  startup_stm32l475xx.o(.text)
    EXTI4_IRQHandler                         0x080001b7   Thumb Code     0  startup_stm32l475xx.o(.text)
    EXTI9_5_IRQHandler                       0x080001b7   Thumb Code     0  startup_stm32l475xx.o(.text)
    FLASH_IRQHandler                         0x080001b7   Thumb Code     0  startup_stm32l475xx.o(.text)
    FMC_IRQHandler                           0x080001b7   Thumb Code     0  startup_stm32l475xx.o(.text)
    FPU_IRQHandler                           0x080001b7   Thumb Code     0  startup_stm32l475xx.o(.text)
    I2C1_ER_IRQHandler                       0x080001b7   Thumb Code     0  startup_stm32l475xx.o(.text)
    I2C1_EV_IRQHandler                       0x080001b7   Thumb Code     0  startup_stm32l475xx.o(.text)
    I2C2_ER_IRQHandler                       0x080001b7   Thumb Code     0  startup_stm32l475xx.o(.text)
    I2C2_EV_IRQHandler                       0x080001b7   Thumb Code     0  startup_stm32l475xx.o(.text)
    I2C3_ER_IRQHandler                       0x080001b7   Thumb Code     0  startup_stm32l475xx.o(.text)
    I2C3_EV_IRQHandler                       0x080001b7   Thumb Code     0  startup_stm32l475xx.o(.text)
    LPTIM1_IRQHandler                        0x080001b7   Thumb Code     0  startup_stm32l475xx.o(.text)
    LPTIM2_IRQHandler                        0x080001b7   Thumb Code     0  startup_stm32l475xx.o(.text)
    LPUART1_IRQHandler                       0x080001b7   Thumb Code     0  startup_stm32l475xx.o(.text)
    OTG_FS_IRQHandler                        0x080001b7   Thumb Code     0  startup_stm32l475xx.o(.text)
    PVD_PVM_IRQHandler                       0x080001b7   Thumb Code     0  startup_stm32l475xx.o(.text)
    QUADSPI_IRQHandler                       0x080001b7   Thumb Code     0  startup_stm32l475xx.o(.text)
    RCC_IRQHandler                           0x080001b7   Thumb Code     0  startup_stm32l475xx.o(.text)
    RNG_IRQHandler                           0x080001b7   Thumb Code     0  startup_stm32l475xx.o(.text)
    RTC_Alarm_IRQHandler                     0x080001b7   Thumb Code     0  startup_stm32l475xx.o(.text)
    RTC_WKUP_IRQHandler                      0x080001b7   Thumb Code     0  startup_stm32l475xx.o(.text)
    SAI1_IRQHandler                          0x080001b7   Thumb Code     0  startup_stm32l475xx.o(.text)
    SAI2_IRQHandler                          0x080001b7   Thumb Code     0  startup_stm32l475xx.o(.text)
    SDMMC1_IRQHandler                        0x080001b7   Thumb Code     0  startup_stm32l475xx.o(.text)
    SPI1_IRQHandler                          0x080001b7   Thumb Code     0  startup_stm32l475xx.o(.text)
    SPI2_IRQHandler                          0x080001b7   Thumb Code     0  startup_stm32l475xx.o(.text)
    SPI3_IRQHandler                          0x080001b7   Thumb Code     0  startup_stm32l475xx.o(.text)
    SWPMI1_IRQHandler                        0x080001b7   Thumb Code     0  startup_stm32l475xx.o(.text)
    TAMP_STAMP_IRQHandler                    0x080001b7   Thumb Code     0  startup_stm32l475xx.o(.text)
    TIM1_CC_IRQHandler                       0x080001b7   Thumb Code     0  startup_stm32l475xx.o(.text)
    TIM1_TRG_COM_TIM17_IRQHandler            0x080001b7   Thumb Code     0  startup_stm32l475xx.o(.text)
    TIM1_UP_TIM16_IRQHandler                 0x080001b7   Thumb Code     0  startup_stm32l475xx.o(.text)
    TIM2_IRQHandler                          0x080001b7   Thumb Code     0  startup_stm32l475xx.o(.text)
    TIM3_IRQHandler                          0x080001b7   Thumb Code     0  startup_stm32l475xx.o(.text)
    TIM4_IRQHandler                          0x080001b7   Thumb Code     0  startup_stm32l475xx.o(.text)
    TIM5_IRQHandler                          0x080001b7   Thumb Code     0  startup_stm32l475xx.o(.text)
    TIM6_DAC_IRQHandler                      0x080001b7   Thumb Code     0  startup_stm32l475xx.o(.text)
    TIM7_IRQHandler                          0x080001b7   Thumb Code     0  startup_stm32l475xx.o(.text)
    TIM8_BRK_IRQHandler                      0x080001b7   Thumb Code     0  startup_stm32l475xx.o(.text)
    TIM8_CC_IRQHandler                       0x080001b7   Thumb Code     0  startup_stm32l475xx.o(.text)
    TIM8_TRG_COM_IRQHandler                  0x080001b7   Thumb Code     0  startup_stm32l475xx.o(.text)
    TIM8_UP_IRQHandler                       0x080001b7   Thumb Code     0  startup_stm32l475xx.o(.text)
    TSC_IRQHandler                           0x080001b7   Thumb Code     0  startup_stm32l475xx.o(.text)
    UART4_IRQHandler                         0x080001b7   Thumb Code     0  startup_stm32l475xx.o(.text)
    UART5_IRQHandler                         0x080001b7   Thumb Code     0  startup_stm32l475xx.o(.text)
    USART2_IRQHandler                        0x080001b7   Thumb Code     0  startup_stm32l475xx.o(.text)
    USART3_IRQHandler                        0x080001b7   Thumb Code     0  startup_stm32l475xx.o(.text)
    WWDG_IRQHandler                          0x080001b7   Thumb Code     0  startup_stm32l475xx.o(.text)
    __aeabi_memset                           0x080001c1   Thumb Code    14  memseta.o(.text)
    __aeabi_memset4                          0x080001c1   Thumb Code     0  memseta.o(.text)
    __aeabi_memset8                          0x080001c1   Thumb Code     0  memseta.o(.text)
    __aeabi_memclr                           0x080001cf   Thumb Code     4  memseta.o(.text)
    __aeabi_memclr4                          0x080001cf   Thumb Code     0  memseta.o(.text)
    __aeabi_memclr8                          0x080001cf   Thumb Code     0  memseta.o(.text)
    _memset$wrapper                          0x080001d3   Thumb Code    18  memseta.o(.text)
    __scatterload                            0x080001e5   Thumb Code    28  init.o(.text)
    __scatterload_rt2                        0x080001e5   Thumb Code     0  init.o(.text)
    BusFault_Handler                         0x08000209   Thumb Code     2  stm32l4xx_it.o(i.BusFault_Handler)
    DebugMon_Handler                         0x0800020b   Thumb Code     2  stm32l4xx_it.o(i.DebugMon_Handler)
    HardFault_Handler                        0x0800020d   Thumb Code     2  stm32l4xx_it.o(i.HardFault_Handler)
    LL_GPIO_Init                             0x08000229   Thumb Code   310  stm32l4xx_ll_gpio.o(i.LL_GPIO_Init)
    LL_Init1msTick                           0x0800035f   Thumb Code    26  stm32l4xx_ll_utils.o(i.LL_Init1msTick)
    LL_RCC_GetUARTClockFreq                  0x08000379   Thumb Code   144  stm32l4xx_ll_rcc.o(i.LL_RCC_GetUARTClockFreq)
    LL_RCC_GetUSARTClockFreq                 0x08000415   Thumb Code   194  stm32l4xx_ll_rcc.o(i.LL_RCC_GetUSARTClockFreq)
    LL_SetSystemCoreClock                    0x08000551   Thumb Code     6  stm32l4xx_ll_utils.o(i.LL_SetSystemCoreClock)
    LL_TIM_Init                              0x0800055d   Thumb Code   160  stm32l4xx_ll_tim.o(i.LL_TIM_Init)
    LL_USART_Init                            0x0800061d   Thumb Code   182  stm32l4xx_ll_usart.o(i.LL_USART_Init)
    MX_GPIO_Init                             0x080006ed   Thumb Code    24  gpio.o(i.MX_GPIO_Init)
    MX_TIM15_Init                            0x08000705   Thumb Code   140  tim.o(i.MX_TIM15_Init)
    MX_USART1_UART_Init                      0x080007a5   Thumb Code   216  usart.o(i.MX_USART1_UART_Init)
    MemManage_Handler                        0x0800088d   Thumb Code     2  stm32l4xx_it.o(i.MemManage_Handler)
    NMI_Handler                              0x0800088f   Thumb Code     2  stm32l4xx_it.o(i.NMI_Handler)
    PendSV_Handler                           0x08000891   Thumb Code     2  stm32l4xx_it.o(i.PendSV_Handler)
    SVC_Handler                              0x080009e9   Thumb Code     2  stm32l4xx_it.o(i.SVC_Handler)
    SysTick_Handler                          0x080009eb   Thumb Code     2  stm32l4xx_it.o(i.SysTick_Handler)
    SystemClock_Config                       0x080009ed   Thumb Code   158  main.o(i.SystemClock_Config)
    SystemInit                               0x08000aa5   Thumb Code    48  system_stm32l4xx.o(i.SystemInit)
    TIM1_BRK_TIM15_IRQHandler                0x08000ae1   Thumb Code     2  stm32l4xx_it.o(i.TIM1_BRK_TIM15_IRQHandler)
    USART1_IRQHandler                        0x08000ae5   Thumb Code    20  stm32l4xx_it.o(i.USART1_IRQHandler)
    UsageFault_Handler                       0x08000afd   Thumb Code     2  stm32l4xx_it.o(i.UsageFault_Handler)
    __0printf$bare                           0x08000b01   Thumb Code     8  printfb.o(i.__0printf$bare)
    __1printf$bare                           0x08000b01   Thumb Code     0  printfb.o(i.__0printf$bare)
    __2printf                                0x08000b01   Thumb Code     0  printfb.o(i.__0printf$bare)
    __scatterload_copy                       0x08000b11   Thumb Code    14  handlers.o(i.__scatterload_copy)
    __scatterload_null                       0x08000b1f   Thumb Code     2  handlers.o(i.__scatterload_null)
    __scatterload_zeroinit                   0x08000b21   Thumb Code    14  handlers.o(i.__scatterload_zeroinit)
    fputc                                    0x08000b51   Thumb Code    18  usart.o(i.fputc)
    main                                     0x08000b69   Thumb Code   124  main.o(i.main)
    AHBPrescTable                            0x08000c0c   Data          16  system_stm32l4xx.o(.constdata)
    MSIRangeTable                            0x08000c1c   Data          48  system_stm32l4xx.o(.constdata)
    APBPrescTable                            0x08000c4c   Data           8  system_stm32l4xx.o(.constdata)
    Region$$Table$$Base                      0x08000c54   Number         0  anon$$obj.o(Region$$Table)
    Region$$Table$$Limit                     0x08000c74   Number         0  anon$$obj.o(Region$$Table)
    SystemCoreClock                          0x20000000   Data           4  system_stm32l4xx.o(.data)
    __stdout                                 0x20000004   Data           4  stdout.o(.data)
    __initial_sp                             0x20000408   Data           0  startup_stm32l475xx.o(STACK)



==============================================================================

Memory Map of the image

  Image Entry point : 0x08000189

  Load Region LR_IROM1 (Base: 0x08000000, Size: 0x00000c7c, Max: 0x00080000, ABSOLUTE)

    Execution Region ER_IROM1 (Exec base: 0x08000000, Load base: 0x08000000, Size: 0x00000c74, Max: 0x00080000, ABSOLUTE)

    Exec Addr    Load Addr    Size         Type   Attr      Idx    E Section Name        Object

    0x08000000   0x08000000   0x00000188   Data   RO            3    RESET               startup_stm32l475xx.o
    0x08000188   0x08000188   0x00000000   Code   RO         1057  * .ARM.Collect$$$$00000000  mc_w.l(entry.o)
    0x08000188   0x08000188   0x00000004   Code   RO         1322    .ARM.Collect$$$$00000001  mc_w.l(entry2.o)
    0x0800018c   0x0800018c   0x00000004   Code   RO         1325    .ARM.Collect$$$$00000004  mc_w.l(entry5.o)
    0x08000190   0x08000190   0x00000000   Code   RO         1327    .ARM.Collect$$$$00000008  mc_w.l(entry7b.o)
    0x08000190   0x08000190   0x00000000   Code   RO         1329    .ARM.Collect$$$$0000000A  mc_w.l(entry8b.o)
    0x08000190   0x08000190   0x00000008   Code   RO         1330    .ARM.Collect$$$$0000000B  mc_w.l(entry9a.o)
    0x08000198   0x08000198   0x00000000   Code   RO         1332    .ARM.Collect$$$$0000000D  mc_w.l(entry10a.o)
    0x08000198   0x08000198   0x00000000   Code   RO         1334    .ARM.Collect$$$$0000000F  mc_w.l(entry11a.o)
    0x08000198   0x08000198   0x00000004   Code   RO         1323    .ARM.Collect$$$$00002712  mc_w.l(entry2.o)
    0x0800019c   0x0800019c   0x00000024   Code   RO            4    .text               startup_stm32l475xx.o
    0x080001c0   0x080001c0   0x00000024   Code   RO         1060    .text               mc_w.l(memseta.o)
    0x080001e4   0x080001e4   0x00000024   Code   RO         1352    .text               mc_w.l(init.o)
    0x08000208   0x08000208   0x00000002   Code   RO          255    i.BusFault_Handler  stm32l4xx_it.o
    0x0800020a   0x0800020a   0x00000002   Code   RO          256    i.DebugMon_Handler  stm32l4xx_it.o
    0x0800020c   0x0800020c   0x00000002   Code   RO          257    i.HardFault_Handler  stm32l4xx_it.o
    0x0800020e   0x0800020e   0x00000002   PAD
    0x08000210   0x08000210   0x00000018   Code   RO          131    i.LL_AHB2_GRP1_EnableClock  gpio.o
    0x08000228   0x08000228   0x00000136   Code   RO          479    i.LL_GPIO_Init      stm32l4xx_ll_gpio.o
    0x0800035e   0x0800035e   0x0000001a   Code   RO          348    i.LL_Init1msTick    stm32l4xx_ll_utils.o
    0x08000378   0x08000378   0x0000009c   Code   RO          814    i.LL_RCC_GetUARTClockFreq  stm32l4xx_ll_rcc.o
    0x08000414   0x08000414   0x000000cc   Code   RO          815    i.LL_RCC_GetUSARTClockFreq  stm32l4xx_ll_rcc.o
    0x080004e0   0x080004e0   0x00000010   Code   RO          817    i.LL_RCC_HSI_IsReady  stm32l4xx_ll_rcc.o
    0x080004f0   0x080004f0   0x00000010   Code   RO          818    i.LL_RCC_LSE_IsReady  stm32l4xx_ll_rcc.o
    0x08000500   0x08000500   0x00000010   Code   RO          819    i.LL_RCC_MSI_GetRange  stm32l4xx_ll_rcc.o
    0x08000510   0x08000510   0x00000010   Code   RO          820    i.LL_RCC_MSI_GetRangeAfterStandby  stm32l4xx_ll_rcc.o
    0x08000520   0x08000520   0x00000010   Code   RO          821    i.LL_RCC_MSI_IsEnabledRangeSelect  stm32l4xx_ll_rcc.o
    0x08000530   0x08000530   0x00000010   Code   RO          824    i.LL_RCC_PLL_GetDivider  stm32l4xx_ll_rcc.o
    0x08000540   0x08000540   0x00000010   Code   RO          825    i.LL_RCC_PLL_GetMainSource  stm32l4xx_ll_rcc.o
    0x08000550   0x08000550   0x0000000c   Code   RO          354    i.LL_SetSystemCoreClock  stm32l4xx_ll_utils.o
    0x0800055c   0x0800055c   0x000000c0   Code   RO          568    i.LL_TIM_Init       stm32l4xx_ll_tim.o
    0x0800061c   0x0800061c   0x000000d0   Code   RO          746    i.LL_USART_Init     stm32l4xx_ll_usart.o
    0x080006ec   0x080006ec   0x00000018   Code   RO          132    i.MX_GPIO_Init      gpio.o
    0x08000704   0x08000704   0x000000a0   Code   RO          176    i.MX_TIM15_Init     tim.o
    0x080007a4   0x080007a4   0x000000e8   Code   RO          210    i.MX_USART1_UART_Init  usart.o
    0x0800088c   0x0800088c   0x00000002   Code   RO          258    i.MemManage_Handler  stm32l4xx_it.o
    0x0800088e   0x0800088e   0x00000002   Code   RO          259    i.NMI_Handler       stm32l4xx_it.o
    0x08000890   0x08000890   0x00000002   Code   RO          260    i.PendSV_Handler    stm32l4xx_it.o
    0x08000892   0x08000892   0x00000002   PAD
    0x08000894   0x08000894   0x0000001c   Code   RO          827    i.RCC_GetHCLKClockFreq  stm32l4xx_ll_rcc.o
    0x080008b0   0x080008b0   0x0000001c   Code   RO          828    i.RCC_GetPCLK1ClockFreq  stm32l4xx_ll_rcc.o
    0x080008cc   0x080008cc   0x0000001c   Code   RO          829    i.RCC_GetPCLK2ClockFreq  stm32l4xx_ll_rcc.o
    0x080008e8   0x080008e8   0x00000074   Code   RO          830    i.RCC_GetSystemClockFreq  stm32l4xx_ll_rcc.o
    0x0800095c   0x0800095c   0x0000008c   Code   RO          838    i.RCC_PLL_GetFreqDomain_SYS  stm32l4xx_ll_rcc.o
    0x080009e8   0x080009e8   0x00000002   Code   RO          261    i.SVC_Handler       stm32l4xx_it.o
    0x080009ea   0x080009ea   0x00000002   Code   RO          262    i.SysTick_Handler   stm32l4xx_it.o
    0x080009ec   0x080009ec   0x000000b8   Code   RO           14    i.SystemClock_Config  main.o
    0x08000aa4   0x08000aa4   0x0000003c   Code   RO         1023    i.SystemInit        system_stm32l4xx.o
    0x08000ae0   0x08000ae0   0x00000002   Code   RO          263    i.TIM1_BRK_TIM15_IRQHandler  stm32l4xx_it.o
    0x08000ae2   0x08000ae2   0x00000002   PAD
    0x08000ae4   0x08000ae4   0x00000018   Code   RO          264    i.USART1_IRQHandler  stm32l4xx_it.o
    0x08000afc   0x08000afc   0x00000002   Code   RO          265    i.UsageFault_Handler  stm32l4xx_it.o
    0x08000afe   0x08000afe   0x00000002   PAD
    0x08000b00   0x08000b00   0x00000010   Code   RO         1063    i.__0printf$bare    mc_w.l(printfb.o)
    0x08000b10   0x08000b10   0x0000000e   Code   RO         1364    i.__scatterload_copy  mc_w.l(handlers.o)
    0x08000b1e   0x08000b1e   0x00000002   Code   RO         1365    i.__scatterload_null  mc_w.l(handlers.o)
    0x08000b20   0x08000b20   0x0000000e   Code   RO         1366    i.__scatterload_zeroinit  mc_w.l(handlers.o)
    0x08000b2e   0x08000b2e   0x00000022   Code   RO         1070    i._printf_core      mc_w.l(printfb.o)
    0x08000b50   0x08000b50   0x00000018   Code   RO          212    i.fputc             usart.o
    0x08000b68   0x08000b68   0x000000a4   Code   RO           15    i.main              main.o
    0x08000c0c   0x08000c0c   0x00000040   Data   RO         1024    .constdata          system_stm32l4xx.o
    0x08000c4c   0x08000c4c   0x00000008   Data   RO         1025    .constdata          system_stm32l4xx.o
    0x08000c54   0x08000c54   0x00000020   Data   RO         1362    Region$$Table       anon$$obj.o


    Execution Region RW_IRAM2 (Exec base: 0x10000000, Load base: 0x08000c7c, Size: 0x00000000, Max: 0x00008000, ABSOLUTE)

    **** No section assigned to this execution region ****


    Execution Region RW_IRAM1 (Exec base: 0x20000000, Load base: 0x08000c74, Size: 0x00000408, Max: 0x00018000, ABSOLUTE)

    Exec Addr    Load Addr    Size         Type   Attr      Idx    E Section Name        Object

    0x20000000   0x08000c74   0x00000004   Data   RW         1026    .data               system_stm32l4xx.o
    0x20000004   0x08000c78   0x00000004   Data   RW         1336    .data               mc_w.l(stdout.o)
    0x20000008        -       0x00000400   Zero   RW            1    STACK               startup_stm32l475xx.o


==============================================================================

Image component sizes


      Code (inc. data)   RO Data    RW Data    ZI Data      Debug   Object Name

        48          6          0          0          0       6807   gpio.o
       348         66          0          0          0     747775   main.o
        36          8        392          0       1024        824   startup_stm32l475xx.o
        44          4          0          0          0      22870   stm32l4xx_it.o
       310          0          0          0          0       7419   stm32l4xx_ll_gpio.o
       812        122          0          0          0      35897   stm32l4xx_ll_rcc.o
       192         32          0          0          0      42706   stm32l4xx_ll_tim.o
       208         26          0          0          0      21040   stm32l4xx_ll_usart.o
        38          6          0          0          0       6465   stm32l4xx_ll_utils.o
        60         12         72          4          0       1173   system_stm32l4xx.o
       160         20          0          0          0      71387   tim.o
       256         22          0          0          0      50658   usart.o

    ----------------------------------------------------------------------
      2520        324        496          4       1024    1015021   Object Totals
         0          0         32          0          0          0   (incl. Generated)
         8          0          0          0          0          0   (incl. Padding)

    ----------------------------------------------------------------------

      Code (inc. data)   RO Data    RW Data    ZI Data      Debug   Library Member Name

         0          0          0          0          0          0   entry.o
         0          0          0          0          0          0   entry10a.o
         0          0          0          0          0          0   entry11a.o
         8          4          0          0          0          0   entry2.o
         4          0          0          0          0          0   entry5.o
         0          0          0          0          0          0   entry7b.o
         0          0          0          0          0          0   entry8b.o
         8          4          0          0          0          0   entry9a.o
        30          0          0          0          0          0   handlers.o
        36          8          0          0          0         68   init.o
        36          0          0          0          0        108   memseta.o
        50          8          0          0          0        152   printfb.o
         0          0          0          4          0          0   stdout.o

    ----------------------------------------------------------------------
       172         24          0          4          0        328   Library Totals
         0          0          0          0          0          0   (incl. Padding)

    ----------------------------------------------------------------------

      Code (inc. data)   RO Data    RW Data    ZI Data      Debug   Library Name

       172         24          0          4          0        328   mc_w.l

    ----------------------------------------------------------------------
       172         24          0          4          0        328   Library Totals

    ----------------------------------------------------------------------

==============================================================================


      Code (inc. data)   RO Data    RW Data    ZI Data      Debug   

      2692        348        496          8       1024    1012301   Grand Totals
      2692        348        496          8       1024    1012301   ELF Image Totals
      2692        348        496          8          0          0   ROM Totals

==============================================================================

    Total RO  Size (Code + RO Data)                 3188 (   3.11kB)
    Total RW  Size (RW Data + ZI Data)              1032 (   1.01kB)
    Total ROM Size (Code + RO Data + RW Data)       3196 (   3.12kB)

==============================================================================

